Component: ARM Compiler 5.06 update 4 (build 422) Tool: armlink [4d35d2]

==============================================================================

Section Cross References

    main.o(i.SystemClock_Config) refers to rt_memclr.o(.text) for __aeabi_memclr4
    main.o(i.SystemClock_Config) refers to stm32g0xx_hal_pwr_ex.o(i.HAL_PWREx_ControlVoltageScaling) for HAL_PWREx_ControlVoltageScaling
    main.o(i.SystemClock_Config) refers to stm32g0xx_hal_rcc.o(i.HAL_RCC_OscConfig) for HAL_RCC_OscConfig
    main.o(i.SystemClock_Config) refers to stm32g0xx_hal_rcc.o(i.HAL_RCC_ClockConfig) for HAL_RCC_ClockConfig
    main.o(i.SystemClock_Config) refers to stm32g0xx_hal_rcc_ex.o(i.HAL_RCCEx_PeriphCLKConfig) for HAL_RCCEx_PeriphCLKConfig
    main.o(i.main) refers to stm32g0xx_hal.o(i.HAL_Init) for HAL_Init
    main.o(i.main) refers to main.o(i.SystemClock_Config) for SystemClock_Config
    main.o(i.main) refers to gpio.o(i.MX_GPIO_Init) for MX_GPIO_Init
    main.o(i.main) refers to adc.o(i.MX_ADC1_Init) for MX_ADC1_Init
    main.o(i.main) refers to tim.o(i.MX_TIM3_Init) for MX_TIM3_Init
    main.o(i.main) refers to usart.o(i.MX_USART1_UART_Init) for MX_USART1_UART_Init
    main.o(i.main) refers to tim.o(i.MX_TIM14_Init) for MX_TIM14_Init
    main.o(i.main) refers to tim.o(i.MX_TIM16_Init) for MX_TIM16_Init
    main.o(i.main) refers to iwdg.o(i.MX_IWDG_Init) for MX_IWDG_Init
    main.o(i.main) refers to tim.o(i.MX_TIM17_Init) for MX_TIM17_Init
    main.o(i.main) refers to read_input_signal.o(i.init_input_info) for init_input_info
    main.o(i.main) refers to serial.o(i.init_buff) for init_buff
    main.o(i.main) refers to serial.o(i.Serial_PollingData) for Serial_PollingData
    main.o(i.main) refers to button.o(i.process_button) for process_button
    main.o(i.main) refers to read_adc.o(i.convert_all_adc_value) for convert_all_adc_value
    main.o(i.main) refers to read_adc.o(i.process_error) for process_error
    main.o(i.main) refers to read_input_signal.o(i.process_input_signal) for process_input_signal
    main.o(i.main) refers to led_status.o(i.control_led_status) for control_led_status
    main.o(i.main) refers to led_status.o(i.control_all_led) for control_all_led
    main.o(i.main) refers to control_motor.o(i.control_run_all_motor) for control_run_all_motor
    main.o(i.main) refers to main.o(.data) for .data
    gpio.o(i.MX_GPIO_Init) refers to rt_memclr.o(.text) for __aeabi_memclr4
    gpio.o(i.MX_GPIO_Init) refers to stm32g0xx_hal_gpio.o(i.HAL_GPIO_WritePin) for HAL_GPIO_WritePin
    gpio.o(i.MX_GPIO_Init) refers to stm32g0xx_hal_gpio.o(i.HAL_GPIO_Init) for HAL_GPIO_Init
    gpio.o(i.MX_GPIO_Init) refers to stm32g0xx_hal_cortex.o(i.HAL_NVIC_SetPriority) for HAL_NVIC_SetPriority
    gpio.o(i.MX_GPIO_Init) refers to stm32g0xx_hal_cortex.o(i.HAL_NVIC_EnableIRQ) for HAL_NVIC_EnableIRQ
    gpio.o(i.pinHigh) refers to stm32g0xx_hal_gpio.o(i.HAL_GPIO_WritePin) for HAL_GPIO_WritePin
    gpio.o(i.pinHighZ) refers to stm32g0xx_hal_gpio.o(i.HAL_GPIO_Init) for HAL_GPIO_Init
    gpio.o(i.pinLow) refers to stm32g0xx_hal_gpio.o(i.HAL_GPIO_WritePin) for HAL_GPIO_WritePin
    gpio.o(i.pinMode) refers to stm32g0xx_hal_gpio.o(i.HAL_GPIO_Init) for HAL_GPIO_Init
    gpio.o(i.pinOutputHigh) refers to stm32g0xx_hal_gpio.o(i.HAL_GPIO_Init) for HAL_GPIO_Init
    gpio.o(i.pinOutputHigh) refers to stm32g0xx_hal_gpio.o(i.HAL_GPIO_WritePin) for HAL_GPIO_WritePin
    gpio.o(i.pinOutputLow) refers to stm32g0xx_hal_gpio.o(i.HAL_GPIO_Init) for HAL_GPIO_Init
    gpio.o(i.pinOutputLow) refers to stm32g0xx_hal_gpio.o(i.HAL_GPIO_WritePin) for HAL_GPIO_WritePin
    gpio.o(i.pinRead) refers to stm32g0xx_hal_gpio.o(i.HAL_GPIO_ReadPin) for HAL_GPIO_ReadPin
    gpio.o(i.pinWrite) refers to gpio.o(i.pinHigh) for pinHigh
    gpio.o(i.pinWrite) refers to gpio.o(i.pinLow) for pinLow
    adc.o(i.HAL_ADC_MspDeInit) refers to stm32g0xx_hal_gpio.o(i.HAL_GPIO_DeInit) for HAL_GPIO_DeInit
    adc.o(i.HAL_ADC_MspInit) refers to rt_memclr.o(.text) for __aeabi_memclr4
    adc.o(i.HAL_ADC_MspInit) refers to stm32g0xx_hal_gpio.o(i.HAL_GPIO_Init) for HAL_GPIO_Init
    adc.o(i.MX_ADC1_Init) refers to stm32g0xx_hal_adc.o(i.HAL_ADC_Init) for HAL_ADC_Init
    adc.o(i.MX_ADC1_Init) refers to main.o(i.Error_Handler) for Error_Handler
    adc.o(i.MX_ADC1_Init) refers to stm32g0xx_hal_adc.o(i.HAL_ADC_ConfigChannel) for HAL_ADC_ConfigChannel
    adc.o(i.MX_ADC1_Init) refers to adc.o(.bss) for .bss
    adc.o(i.read_adc_Vbus_feed) refers to stm32g0xx_hal_adc.o(i.HAL_ADC_ConfigChannel) for HAL_ADC_ConfigChannel
    adc.o(i.read_adc_Vbus_feed) refers to main.o(i.Error_Handler) for Error_Handler
    adc.o(i.read_adc_Vbus_feed) refers to stm32g0xx_hal_adc.o(i.HAL_ADC_Start) for HAL_ADC_Start
    adc.o(i.read_adc_Vbus_feed) refers to stm32g0xx_hal_adc.o(i.HAL_ADC_PollForConversion) for HAL_ADC_PollForConversion
    adc.o(i.read_adc_Vbus_feed) refers to stm32g0xx_hal_adc.o(i.HAL_ADC_GetValue) for HAL_ADC_GetValue
[...]
    .ARM.Collect$$libinit$$00000002          0x0800013e   Section        0  libinit2.o(.ARM.Collect$$libinit$$00000002)
    .ARM.Collect$$libinit$$00000004          0x0800013e   Section        0  libinit2.o(.ARM.Collect$$libinit$$00000004)
    .ARM.Collect$$libinit$$0000000A          0x0800013e   Section        0  libinit2.o(.ARM.Collect$$libinit$$0000000A)
    .ARM.Collect$$libinit$$0000000C          0x0800013e   Section        0  libinit2.o(.ARM.Collect$$libinit$$0000000C)
    .ARM.Collect$$libinit$$0000000E          0x0800013e   Section        0  libinit2.o(.ARM.Collect$$libinit$$0000000E)
    .ARM.Collect$$libinit$$00000011          0x0800013e   Section        0  libinit2.o(.ARM.Collect$$libinit$$00000011)
    .ARM.Collect$$libinit$$00000013          0x0800013e   Section        0  libinit2.o(.ARM.Collect$$libinit$$00000013)
    .ARM.Collect$$libinit$$00000015          0x0800013e   Section        0  libinit2.o(.ARM.Collect$$libinit$$00000015)
    .ARM.Collect$$libinit$$00000017          0x0800013e   Section        0  libinit2.o(.ARM.Collect$$libinit$$00000017)
    .ARM.Collect$$libinit$$00000019          0x0800013e   Section        0  libinit2.o(.ARM.Collect$$libinit$$00000019)
    .ARM.Collect$$libinit$$0000001B          0x0800013e   Section        0  libinit2.o(.ARM.Collect$$libinit$$0000001B)
    .ARM.Collect$$libinit$$0000001D          0x0800013e   Section        0  libinit2.o(.ARM.Collect$$libinit$$0000001D)
    .ARM.Collect$$libinit$$0000001F          0x0800013e   Section        0  libinit2.o(.ARM.Collect$$libinit$$0000001F)
    .ARM.Collect$$libinit$$00000021          0x0800013e   Section        0  libinit2.o(.ARM.Collect$$libinit$$00000021)
    .ARM.Collect$$libinit$$00000023          0x0800013e   Section        0  libinit2.o(.ARM.Collect$$libinit$$00000023)
    .ARM.Collect$$libinit$$00000025          0x0800013e   Section        0  libinit2.o(.ARM.Collect$$libinit$$00000025)
    .ARM.Collect$$libinit$$0000002C          0x0800013e   Section        0  libinit2.o(.ARM.Collect$$libinit$$0000002C)
    .ARM.Collect$$libinit$$0000002E          0x0800013e   Section        0  libinit2.o(.ARM.Collect$$libinit$$0000002E)
    .ARM.Collect$$libinit$$00000030          0x0800013e   Section        0  libinit2.o(.ARM.Collect$$libinit$$00000030)
    .ARM.Collect$$libinit$$00000032          0x0800013e   Section        0  libinit2.o(.ARM.Collect$$libinit$$00000032)
    .ARM.Collect$$libinit$$00000033          0x0800013e   Section        2  libinit2.o(.ARM.Collect$$libinit$$00000033)
    .ARM.Collect$$libshutdown$$00000000      0x08000140   Section        2  libshutdown.o(.ARM.Collect$$libshutdown$$00000000)
    .ARM.Collect$$libshutdown$$00000002      0x08000142   Section        0  libshutdown2.o(.ARM.Collect$$libshutdown$$00000002)
    .ARM.Collect$$libshutdown$$00000004      0x08000142   Section        0  libshutdown2.o(.ARM.Collect$$libshutdown$$00000004)
    .ARM.Collect$$libshutdown$$00000007      0x08000142   Section        0  libshutdown2.o(.ARM.Collect$$libshutdown$$00000007)
    .ARM.Collect$$libshutdown$$0000000A      0x08000142   Section        0  libshutdown2.o(.ARM.Collect$$libshutdown$$0000000A)
    .ARM.Collect$$libshutdown$$0000000C      0x08000142   Section        0  libshutdown2.o(.ARM.Collect$$libshutdown$$0000000C)
    .ARM.Collect$$libshutdown$$0000000F      0x08000142   Section        0  libshutdown2.o(.ARM.Collect$$libshutdown$$0000000F)
    .ARM.Collect$$libshutdown$$00000010      0x08000142   Section        2  libshutdown2.o(.ARM.Collect$$libshutdown$$00000010)
    .ARM.Collect$$rtentry$$00000000          0x08000144   Section        0  __rtentry.o(.ARM.Collect$$rtentry$$00000000)
    .ARM.Collect$$rtentry$$00000002          0x08000144   Section        0  __rtentry2.o(.ARM.Collect$$rtentry$$00000002)
    .ARM.Collect$$rtentry$$00000004          0x08000144   Section        6  __rtentry4.o(.ARM.Collect$$rtentry$$00000004)
    .ARM.Collect$$rtentry$$00000009          0x0800014a   Section        0  __rtentry2.o(.ARM.Collect$$rtentry$$00000009)
    .ARM.Collect$$rtentry$$0000000A          0x0800014a   Section        4  __rtentry2.o(.ARM.Collect$$rtentry$$0000000A)
    .ARM.Collect$$rtentry$$0000000C          0x0800014e   Section        0  __rtentry2.o(.ARM.Collect$$rtentry$$0000000C)
    .ARM.Collect$$rtentry$$0000000D          0x0800014e   Section        8  __rtentry2.o(.ARM.Collect$$rtentry$$0000000D)
    .ARM.Collect$$rtexit$$00000000           0x08000156   Section        2  rtexit.o(.ARM.Collect$$rtexit$$00000000)
    .ARM.Collect$$rtexit$$00000002           0x08000158   Section        0  rtexit2.o(.ARM.Collect$$rtexit$$00000002)
    .ARM.Collect$$rtexit$$00000003           0x08000158   Section        4  rtexit2.o(.ARM.Collect$$rtexit$$00000003)
    .ARM.Collect$$rtexit$$00000004           0x0800015c   Section        6  rtexit2.o(.ARM.Collect$$rtexit$$00000004)
    .text                                    0x08000164   Section       56  startup_stm32g030xx.o(.text)
    .text                                    0x0800019c   Section        0  llmul.o(.text)
    .text                                    0x080001cc   Section        0  lludiv.o(.text)
    .text                                    0x080002ce   Section        0  rt_memclr.o(.text)
    .text                                    0x0800030e   Section      346  aeabi_sdiv.o(.text)
    .text                                    0x08000468   Section        0  heapauxi.o(.text)
    .text                                    0x0800046e   Section       62  sys_stackheap_outer.o(.text)
    .text                                    0x080004ac   Section        0  exit.o(.text)
    .text                                    0x080004bc   Section        8  libspace.o(.text)
    .text                                    0x080004c4   Section        0  sys_exit.o(.text)
    .text                                    0x080004d0   Section        2  use_no_semi.o(.text)
    .text                                    0x080004d2   Section        0  indicate_semi.o(.text)
    i.ADC_Enable                             0x080004d4   Section        0  stm32g0xx_hal_adc.o(i.ADC_Enable)
    i.EXTI4_15_IRQHandler                    0x0800057c   Section        0  stm32g0xx_it.o(i.EXTI4_15_IRQHandler)
    i.Error_Handler                          0x080005a8   Section        0  main.o(i.Error_Handler)
    i.HAL_ADC_ConfigChannel                  0x080005ac   Section        0  stm32g0xx_hal_adc.o(i.HAL_ADC_ConfigChannel)
    i.HAL_ADC_GetValue                       0x080007d0   Section        0  stm32g0xx_hal_adc.o(i.HAL_ADC_GetValue)
    i.HAL_ADC_Init                           0x080007d8   Section        0  stm32g0xx_hal_adc.o(i.HAL_ADC_Init)
    i.HAL_ADC_MspInit                        0x08000a24   Section        0  adc.o(i.HAL_ADC_MspInit)
    i.HAL_ADC_PollForConversion              0x08000aa4   Section        0  stm32g0xx_hal_adc.o(i.HAL_ADC_PollForConversion)
    i.HAL_ADC_Start                          0x08000b64   Section        0  stm32g0xx_hal_adc.o(i.HAL_ADC_Start)
    i.HAL_DMA_Abort                          0x08000bcc   Section        0  stm32g0xx_hal_dma.o(i.HAL_DMA_Abort)
    i.HAL_DMA_Abort_IT                       0x08000c40   Section        0  stm32g0xx_hal_dma.o(i.HAL_DMA_Abort_IT)
    i.HAL_GPIO_EXTI_Falling_Callback         0x08000cbc   Section        0  stm32g0xx_hal_gpio.o(i.HAL_GPIO_EXTI_Falling_Callback)
    i.HAL_GPIO_EXTI_IRQHandler               0x08000cc0   Section        0  stm32g0xx_hal_gpio.o(i.HAL_GPIO_EXTI_IRQHandler)
    i.HAL_GPIO_EXTI_Rising_Callback          0x08000ce8   Section        0  stm32g0xx_hal_gpio.o(i.HAL_GPIO_EXTI_Rising_Callback)
    i.HAL_GPIO_Init                          0x08000cec   Section        0  stm32g0xx_hal_gpio.o(i.HAL_GPIO_Init)
    i.HAL_GPIO_ReadPin                       0x08000e48   Section        0  stm32g0xx_hal_gpio.o(i.HAL_GPIO_ReadPin)
    i.HAL_GPIO_WritePin                      0x08000e52   Section        0  stm32g0xx_hal_gpio.o(i.HAL_GPIO_WritePin)
    i.HAL_GetTick                            0x08000e60   Section        0  stm32g0xx_hal.o(i.HAL_GetTick)
    i.HAL_IWDG_Init                          0x08000e6c   Section        0  stm32g0xx_hal_iwdg.o(i.HAL_IWDG_Init)
    i.HAL_IncTick                            0x08000ed0   Section        0  stm32g0xx_hal.o(i.HAL_IncTick)
    i.HAL_Init                               0x08000ee0   Section        0  stm32g0xx_hal.o(i.HAL_Init)
    i.HAL_InitTick                           0x08000f08   Section        0  stm32g0xx_hal.o(i.HAL_InitTick)
    i.HAL_MspInit                            0x08000f50   Section        0  stm32g0xx_hal_msp.o(i.HAL_MspInit)
    i.HAL_NVIC_EnableIRQ                     0x08000f7c   Section        0  stm32g0xx_hal_cortex.o(i.HAL_NVIC_EnableIRQ)
    i.HAL_NVIC_SetPriority                   0x08000f94   Section        0  stm32g0xx_hal_cortex.o(i.HAL_NVIC_SetPriority)
    i.HAL_NVIC_SystemReset                   0x08000f9c   Section        0  stm32g0xx_hal_cortex.o(i.HAL_NVIC_SystemReset)
    i.HAL_PWREx_ControlVoltageScaling        0x08000fb8   Section        0  stm32g0xx_hal_pwr_ex.o(i.HAL_PWREx_ControlVoltageScaling)
    i.HAL_RCCEx_PeriphCLKConfig              0x08001004   Section        0  stm32g0xx_hal_rcc_ex.o(i.HAL_RCCEx_PeriphCLKConfig)
    i.HAL_RCC_ClockConfig                    0x08001150   Section        0  stm32g0xx_hal_rcc.o(i.HAL_RCC_ClockConfig)
    i.HAL_RCC_GetPCLK1Freq                   0x080012a8   Section        0  stm32g0xx_hal_rcc.o(i.HAL_RCC_GetPCLK1Freq)
    i.HAL_RCC_GetSysClockFreq                0x080012d0   Section        0  stm32g0xx_hal_rcc.o(i.HAL_RCC_GetSysClockFreq)
    i.HAL_RCC_OscConfig                      0x0800135c   Section        0  stm32g0xx_hal_rcc.o(i.HAL_RCC_OscConfig)
    i.HAL_SYSTICK_Config                     0x0800173c   Section        0  stm32g0xx_hal_cortex.o(i.HAL_SYSTICK_Config)
    i.HAL_TIMEx_Break2Callback               0x0800176c   Section        0  stm32g0xx_hal_tim_ex.o(i.HAL_TIMEx_Break2Callback)
    i.HAL_TIMEx_BreakCallback                0x0800176e   Section        0  stm32g0xx_hal_tim_ex.o(i.HAL_TIMEx_BreakCallback)
    i.HAL_TIMEx_CommutCallback               0x08001770   Section        0  stm32g0xx_hal_tim_ex.o(i.HAL_TIMEx_CommutCallback)
    i.HAL_TIMEx_MasterConfigSynchronization  0x08001774   Section        0  stm32g0xx_hal_tim_ex.o(i.HAL_TIMEx_MasterConfigSynchronization)
    i.HAL_TIM_Base_Init                      0x080017d8   Section        0  stm32g0xx_hal_tim.o(i.HAL_TIM_Base_Init)
    i.HAL_TIM_Base_MspInit                   0x08001824   Section        0  tim.o(i.HAL_TIM_Base_MspInit)
    i.HAL_TIM_ConfigClockSource              0x080018c8   Section        0  stm32g0xx_hal_tim.o(i.HAL_TIM_ConfigClockSource)
    i.HAL_TIM_IC_CaptureCallback             0x080019a0   Section        0  stm32g0xx_hal_tim.o(i.HAL_TIM_IC_CaptureCallback)
    i.HAL_TIM_IRQHandler                     0x080019a4   Section        0  stm32g0xx_hal_tim.o(i.HAL_TIM_IRQHandler)
    i.HAL_TIM_MspPostInit                    0x08001b28   Section        0  tim.o(i.HAL_TIM_MspPostInit)
    i.HAL_TIM_OC_DelayElapsedCallback        0x08001bc4   Section        0  stm32g0xx_hal_tim.o(i.HAL_TIM_OC_DelayElapsedCallback)
    i.HAL_TIM_PWM_ConfigChannel              0x08001bc6   Section        0  stm32g0xx_hal_tim.o(i.HAL_TIM_PWM_ConfigChannel)
    i.HAL_TIM_PWM_Init                       0x08001ce4   Section        0  stm32g0xx_hal_tim.o(i.HAL_TIM_PWM_Init)
    i.HAL_TIM_PWM_MspInit                    0x08001d30   Section        0  stm32g0xx_hal_tim.o(i.HAL_TIM_PWM_MspInit)
    i.HAL_TIM_PWM_PulseFinishedCallback      0x08001d32   Section        0  stm32g0xx_hal_tim.o(i.HAL_TIM_PWM_PulseFinishedCallback)
    i.HAL_TIM_PWM_Start                      0x08001d34   Section        0  stm32g0xx_hal_tim.o(i.HAL_TIM_PWM_Start)
    i.HAL_TIM_PWM_Stop                       0x08001df4   Section        0  stm32g0xx_hal_tim.o(i.HAL_TIM_PWM_Stop)
    i.HAL_TIM_PeriodElapsedCallback          0x08001e8c   Section        0  stm32g0xx_hal_tim.o(i.HAL_TIM_PeriodElapsedCallback)
    i.HAL_TIM_TriggerCallback                0x08001e8e   Section        0  stm32g0xx_hal_tim.o(i.HAL_TIM_TriggerCallback)
    i.HAL_UARTEx_DisableFifoMode             0x08001e90   Section        0  stm32g0xx_hal_uart_ex.o(i.HAL_UARTEx_DisableFifoMode)
    i.HAL_UARTEx_RxEventCallback             0x08001ecc   Section        0  stm32g0xx_hal_uart.o(i.HAL_UARTEx_RxEventCallback)
    i.HAL_UARTEx_RxFifoFullCallback          0x08001ece   Section        0  stm32g0xx_hal_uart_ex.o(i.HAL_UARTEx_RxFifoFullCallback)
    i.HAL_UARTEx_SetRxFifoThreshold          0x08001ed0   Section        0  stm32g0xx_hal_uart_ex.o(i.HAL_UARTEx_SetRxFifoThreshold)
    i.HAL_UARTEx_SetTxFifoThreshold          0x08001f18   Section        0  stm32g0xx_hal_uart_ex.o(i.HAL_UARTEx_SetTxFifoThreshold)
    i.HAL_UARTEx_TxFifoEmptyCallback         0x08001f5e   Section        0  stm32g0xx_hal_uart_ex.o(i.HAL_UARTEx_TxFifoEmptyCallback)
    i.HAL_UARTEx_WakeupCallback              0x08001f60   Section        0  stm32g0xx_hal_uart_ex.o(i.HAL_UARTEx_WakeupCallback)
    i.HAL_UART_ErrorCallback                 0x08001f62   Section        0  stm32g0xx_hal_uart.o(i.HAL_UART_ErrorCallback)
    i.HAL_UART_IRQHandler                    0x08001f64   Section        0  stm32g0xx_hal_uart.o(i.HAL_UART_IRQHandler)
    i.HAL_UART_Init                          0x080021c8   Section        0  stm32g0xx_hal_uart.o(i.HAL_UART_Init)
    i.HAL_UART_MspInit                       0x08002234   Section        0  usart.o(i.HAL_UART_MspInit)
    i.HAL_UART_Receive_IT                    0x08002294   Section        0  stm32g0xx_hal_uart.o(i.HAL_UART_Receive_IT)
    i.HAL_UART_RxCpltCallback                0x080022d8   Section        0  serial.o(i.HAL_UART_RxCpltCallback)
    i.HAL_UART_TxCpltCallback                0x08002308   Section        0  stm32g0xx_hal_uart.o(i.HAL_UART_TxCpltCallback)
    i.HardFault_Handler                      0x0800230a   Section        0  stm32g0xx_it.o(i.HardFault_Handler)
    i.LL_ADC_IsEnabled                       0x0800230c   Section        0  stm32g0xx_hal_adc.o(i.LL_ADC_IsEnabled)
    LL_ADC_IsEnabled                         0x0800230d   Thumb Code     8  stm32g0xx_hal_adc.o(i.LL_ADC_IsEnabled)
    i.LL_ADC_REG_IsConversionOngoing         0x08002314   Section        0  stm32g0xx_hal_adc.o(i.LL_ADC_REG_IsConversionOngoing)
    LL_ADC_REG_IsConversionOngoing           0x08002315   Thumb Code     8  stm32g0xx_hal_adc.o(i.LL_ADC_REG_IsConversionOngoing)
    i.LL_ADC_REG_IsTriggerSourceSWStart      0x0800231c   Section        0  stm32g0xx_hal_adc.o(i.LL_ADC_REG_IsTriggerSourceSWStart)
    LL_ADC_REG_IsTriggerSourceSWStart        0x0800231d   Thumb Code    16  stm32g0xx_hal_adc.o(i.LL_ADC_REG_IsTriggerSourceSWStart)
    i.LL_ADC_SetCommonPathInternalCh         0x0800232c   Section        0  stm32g0xx_hal_adc.o(i.LL_ADC_SetCommonPathInternalCh)
    LL_ADC_SetCommonPathInternalCh           0x0800232d   Thumb Code    14  stm32g0xx_hal_adc.o(i.LL_ADC_SetCommonPathInternalCh)
    i.LL_ADC_SetSamplingTimeCommonChannels   0x0800233a   Section        0  stm32g0xx_hal_adc.o(i.LL_ADC_SetSamplingTimeCommonChannels)
    LL_ADC_SetSamplingTimeCommonChannels     0x0800233b   Thumb Code    22  stm32g0xx_hal_adc.o(i.LL_ADC_SetSamplingTimeCommonChannels)
    i.MX_ADC1_Init                           0x08002350   Section        0  adc.o(i.MX_ADC1_Init)
    i.MX_GPIO_Init                           0x08002490   Section        0  gpio.o(i.MX_GPIO_Init)
    i.MX_IWDG_Init                           0x080025bc   Section        0  iwdg.o(i.MX_IWDG_Init)
    i.MX_TIM14_Init                          0x080025e8   Section        0  tim.o(i.MX_TIM14_Init)
    i.MX_TIM16_Init                          0x08002654   Section        0  tim.o(i.MX_TIM16_Init)
    i.MX_TIM17_Init                          0x08002688   Section        0  tim.o(i.MX_TIM17_Init)
    i.MX_TIM3_Init                           0x080026b8   Section        0  tim.o(i.MX_TIM3_Init)
    i.MX_USART1_UART_Init                    0x0800279c   Section        0  usart.o(i.MX_USART1_UART_Init)
    i.NMI_Handler                            0x08002824   Section        0  stm32g0xx_it.o(i.NMI_Handler)
    i.PendSV_Handler                         0x08002826   Section        0  stm32g0xx_it.o(i.PendSV_Handler)
    i.RINGBUF_Get                            0x08002828   Section        0  ringbuf.o(i.RINGBUF_Get)
    i.RINGBUF_Init                           0x08002870   Section        0  ringbuf.o(i.RINGBUF_Init)
    i.RINGBUF_Put                            0x08002880   Section        0  ringbuf.o(i.RINGBUF_Put)
    i.SVC_Handler                            0x080028c0   Section        0  stm32g0xx_it.o(i.SVC_Handler)
    i.Serial_PollingData                     0x080028c4   Section        0  serial.o(i.Serial_PollingData)
    i.SysTick_Handler                        0x08002914   Section        0  stm32g0xx_it.o(i.SysTick_Handler)
    i.SystemClock_Config                     0x0800291c   Section        0  main.o(i.SystemClock_Config)
    i.SystemInit                             0x080029b0   Section        0  system_stm32g0xx.o(i.SystemInit)
    i.TIM14_IRQHandler                       0x080029c0   Section        0  stm32g0xx_it.o(i.TIM14_IRQHandler)
    i.TIM16_IRQHandler                       0x080029d0   Section        0  stm32g0xx_it.o(i.TIM16_IRQHandler)
    i.TIM17_IRQHandler                       0x080029ec   Section        0  stm32g0xx_it.o(i.TIM17_IRQHandler)
    i.TIM_Base_SetConfig                     0x08002a10   Section        0  stm32g0xx_hal_tim.o(i.TIM_Base_SetConfig)
    i.TIM_CCxChannelCmd                      0x08002a88   Section        0  stm32g0xx_hal_tim.o(i.TIM_CCxChannelCmd)
    i.TIM_ETR_SetConfig                      0x08002aa2   Section        0  stm32g0xx_hal_tim.o(i.TIM_ETR_SetConfig)
    i.TIM_ITRx_SetConfig                     0x08002ab8   Section        0  stm32g0xx_hal_tim.o(i.TIM_ITRx_SetConfig)
    TIM_ITRx_SetConfig                       0x08002ab9   Thumb Code    16  stm32g0xx_hal_tim.o(i.TIM_ITRx_SetConfig)
    i.TIM_OC1_SetConfig                      0x08002acc   Section        0  stm32g0xx_hal_tim.o(i.TIM_OC1_SetConfig)
    TIM_OC1_SetConfig                        0x08002acd   Thumb Code   108  stm32g0xx_hal_tim.o(i.TIM_OC1_SetConfig)
    i.TIM_OC2_SetConfig                      0x08002b48   Section        0  stm32g0xx_hal_tim.o(i.TIM_OC2_SetConfig)
    i.TIM_OC3_SetConfig                      0x08002bc4   Section        0  stm32g0xx_hal_tim.o(i.TIM_OC3_SetConfig)
    TIM_OC3_SetConfig                        0x08002bc5   Thumb Code   108  stm32g0xx_hal_tim.o(i.TIM_OC3_SetConfig)
    i.TIM_OC4_SetConfig                      0x08002c40   Section        0  stm32g0xx_hal_tim.o(i.TIM_OC4_SetConfig)
    TIM_OC4_SetConfig                        0x08002c41   Thumb Code    90  stm32g0xx_hal_tim.o(i.TIM_OC4_SetConfig)
    i.TIM_OC5_SetConfig                      0x08002cac   Section        0  stm32g0xx_hal_tim.o(i.TIM_OC5_SetConfig)
    TIM_OC5_SetConfig                        0x08002cad   Thumb Code    74  stm32g0xx_hal_tim.o(i.TIM_OC5_SetConfig)
    i.TIM_OC6_SetConfig                      0x08002d08   Section        0  stm32g0xx_hal_tim.o(i.TIM_OC6_SetConfig)
    TIM_OC6_SetConfig                        0x08002d09   Thumb Code    84  stm32g0xx_hal_tim.o(i.TIM_OC6_SetConfig)
    i.TIM_TI1_ConfigInputStage               0x08002d6c   Section        0  stm32g0xx_hal_tim.o(i.TIM_TI1_ConfigInputStage)
    TIM_TI1_ConfigInputStage                 0x08002d6d   Thumb Code    34  stm32g0xx_hal_tim.o(i.TIM_TI1_ConfigInputStage)
    i.TIM_TI2_ConfigInputStage               0x08002d8e   Section        0  stm32g0xx_hal_tim.o(i.TIM_TI2_ConfigInputStage)
    TIM_TI2_ConfigInputStage                 0x08002d8f   Thumb Code    38  stm32g0xx_hal_tim.o(i.TIM_TI2_ConfigInputStage)
    i.UARTEx_SetNbDataToProcess              0x08002db4   Section        0  stm32g0xx_hal_uart_ex.o(i.UARTEx_SetNbDataToProcess)
    UARTEx_SetNbDataToProcess                0x08002db5   Thumb Code    80  stm32g0xx_hal_uart_ex.o(i.UARTEx_SetNbDataToProcess)
    i.UART_AdvFeatureConfig                  0x08002e14   Section        0  stm32g0xx_hal_uart.o(i.UART_AdvFeatureConfig)
    i.UART_CheckIdleState                    0x08002ee0   Section        0  stm32g0xx_hal_uart.o(i.UART_CheckIdleState)
    i.UART_DMAAbortOnError                   0x08002f44   Section        0  stm32g0xx_hal_uart.o(i.UART_DMAAbortOnError)
    UART_DMAAbortOnError                     0x08002f45   Thumb Code    20  stm32g0xx_hal_uart.o(i.UART_DMAAbortOnError)
    i.UART_EndRxTransfer                     0x08002f58   Section        0  stm32g0xx_hal_uart.o(i.UART_EndRxTransfer)
    UART_EndRxTransfer                       0x08002f59   Thumb Code    52  stm32g0xx_hal_uart.o(i.UART_EndRxTransfer)
    i.UART_RxISR_16BIT                       0x08002f90   Section        0  stm32g0xx_hal_uart.o(i.UART_RxISR_16BIT)
    UART_RxISR_16BIT                         0x08002f91   Thumb Code   122  stm32g0xx_hal_uart.o(i.UART_RxISR_16BIT)
    i.UART_RxISR_16BIT_FIFOEN                0x0800300c   Section        0  stm32g0xx_hal_uart.o(i.UART_RxISR_16BIT_FIFOEN)
    UART_RxISR_16BIT_FIFOEN                  0x0800300d   Thumb Code   308  stm32g0xx_hal_uart.o(i.UART_RxISR_16BIT_FIFOEN)
    i.UART_RxISR_8BIT                        0x08003148   Section        0  stm32g0xx_hal_uart.o(i.UART_RxISR_8BIT)
    UART_RxISR_8BIT                          0x08003149   Thumb Code   122  stm32g0xx_hal_uart.o(i.UART_RxISR_8BIT)
    i.UART_RxISR_8BIT_FIFOEN                 0x080031c4   Section        0  stm32g0xx_hal_uart.o(i.UART_RxISR_8BIT_FIFOEN)
    UART_RxISR_8BIT_FIFOEN                   0x080031c5   Thumb Code   308  stm32g0xx_hal_uart.o(i.UART_RxISR_8BIT_FIFOEN)
    i.UART_SetConfig                         0x08003300   Section        0  stm32g0xx_hal_uart.o(i.UART_SetConfig)
    i.UART_Start_Receive_IT                  0x0800346c   Section        0  stm32g0xx_hal_uart.o(i.UART_Start_Receive_IT)
    i.UART_WaitOnFlagUntilTimeout            0x0800354c   Section        0  stm32g0xx_hal_uart.o(i.UART_WaitOnFlagUntilTimeout)
    i.USART1_IRQHandler                      0x080035e8   Section        0  stm32g0xx_it.o(i.USART1_IRQHandler)
    i.__ARM_common_switch8                   0x080035f8   Section        0  control_motor.o(i.__ARM_common_switch8)
    i.__NVIC_SetPriority                     0x08003614   Section        0  stm32g0xx_hal_cortex.o(i.__NVIC_SetPriority)
    __NVIC_SetPriority                       0x08003615   Thumb Code    60  stm32g0xx_hal_cortex.o(i.__NVIC_SetPriority)
    i.cal_duty_cycle_pwm_in                  0x08003658   Section        0  read_input_signal.o(i.cal_duty_cycle_pwm_in)
    i.control_all_led                        0x08003758   Section        0  led_status.o(i.control_all_led)
    i.control_led_error                      0x08003780   Section        0  led_status.o(i.control_led_error)
    i.control_led_motor_status               0x08003868   Section        0  led_status.o(i.control_led_motor_status)
    i.control_led_over_current               0x080038e0   Section        0  led_status.o(i.control_led_over_current)
    i.control_led_run                        0x080039d8   Section        0  led_status.o(i.control_led_run)
    i.control_led_status                     0x08003aac   Section        0  led_status.o(i.control_led_status)
    i.control_run_all_motor                  0x08003b0c   Section        0  control_motor.o(i.control_run_all_motor)
    i.control_run_motor                      0x08003b1c   Section        0  control_motor.o(i.control_run_motor)
    i.convert_adc_value_1KHz                 0x08003c80   Section        0  read_adc.o(i.convert_adc_value_1KHz)
    i.convert_adc_value_20Hz                 0x08003cd8   Section        0  read_adc.o(i.convert_adc_value_20Hz)
    i.convert_all_adc_value                  0x08003db4   Section        0  read_adc.o(i.convert_all_adc_value)
    i.init_buff                              0x08003dc0   Section        0  serial.o(i.init_buff)
    i.init_input_info                        0x08003dd8   Section        0  read_input_signal.o(i.init_input_info)
    i.main                                   0x08003e20   Section        0  main.o(i.main)
    i.pinHigh                                0x08003e90   Section        0  gpio.o(i.pinHigh)
    i.pinLow                                 0x08003e9c   Section        0  gpio.o(i.pinLow)
    i.pinRead                                0x08003ea8   Section        0  gpio.o(i.pinRead)
    i.process_button                         0x08003eb4   Section        0  button.o(i.process_button)
    i.process_error                          0x08003f84   Section        0  read_adc.o(i.process_error)
    i.process_input_signal                   0x08004020   Section        0  read_input_signal.o(i.process_input_signal)
    i.process_input_signal_motor             0x08004030   Section        0  read_input_signal.o(i.process_input_signal_motor)
    i.process_read_button                    0x08004130   Section        0  button.o(i.process_read_button)
    i.read_adc_Vbus_feed                     0x080041ac   Section        0  adc.o(i.read_adc_Vbus_feed)
    i.read_adc_iAcce                         0x080041fc   Section        0  adc.o(i.read_adc_iAcce)
    i.read_adc_iAnalog_input                 0x08004294   Section        0  adc.o(i.read_adc_iAnalog_input)
    i.read_adc_iLimit                        0x0800432c   Section        0  adc.o(i.read_adc_iLimit)
    i.read_adc_iSen                          0x080043c4   Section        0  adc.o(i.read_adc_iSen)
    i.read_adc_temperature                   0x0800445c   Section        0  adc.o(i.read_adc_temperature)
    i.read_button                            0x080044a8   Section        0  button.o(i.read_button)
    i.read_dir_in                            0x080044cc   Section        0  read_input_signal.o(i.read_dir_in)
    i.read_input_analog_signal               0x08004534   Section        0  read_input_signal.o(i.read_input_analog_signal)
    i.read_input_pwm_signal                  0x08004578   Section        0  read_input_signal.o(i.read_input_pwm_signal)
    i.read_input_rc_signal                   0x080046f8   Section        0  read_input_signal.o(i.read_input_rc_signal)
    i.reset_motor_info                       0x08004878   Section        0  read_input_signal.o(i.reset_motor_info)
    i.run_motor                              0x08004894   Section        0  control_motor.o(i.run_motor)
    i.stop_motor                             0x08004908   Section        0  control_motor.o(i.stop_motor)
    .constdata                               0x08004934   Section       24  stm32g0xx_hal_uart.o(.constdata)
    .constdata                               0x0800494c   Section       64  system_stm32g0xx.o(.constdata)
    .constdata                               0x0800498c   Section       32  system_stm32g0xx.o(.constdata)
    .data                                    0x20000000   Section        1  main.o(.data)
    .data                                    0x20000004   Section        8  main.o(.data)
    .data                                    0x20000010   Section        8  main.o(.data)
    .data                                    0x20000018   Section        4  main.o(.data)
    .data                                    0x2000001c   Section        1  main.o(.data)
    .data                                    0x2000001d   Section        6  read_input_signal.o(.data)
    .data                                    0x20000024   Section        4  serial.o(.data)
    .data                                    0x20000028   Section       12  stm32g0xx_hal.o(.data)
    .data                                    0x20000034   Section        4  system_stm32g0xx.o(.data)
    .bss                                     0x20000038   Section       56  main.o(.bss)
    .bss                                     0x20000070   Section       96  main.o(.bss)
    .bss                                     0x200000d0   Section      112  main.o(.bss)
    .bss                                     0x20000140   Section       48  main.o(.bss)
    .bss                                     0x20000170   Section       48  main.o(.bss)
    .bss                                     0x200001a0   Section       60  main.o(.bss)
    .bss                                     0x200001dc   Section       16  main.o(.bss)
    .bss                                     0x200001ec   Section      200  main.o(.bss)
    .bss                                     0x200002b4   Section      100  adc.o(.bss)
    .bss                                     0x20000318   Section       16  iwdg.o(.bss)
    .bss                                     0x20000328   Section      304  tim.o(.bss)
    .bss                                     0x20000458   Section      144  usart.o(.bss)
    .bss                                     0x200004e8   Section      220  serial.o(.bss)
    .bss                                     0x200005c4   Section       96  libspace.o(.bss)
    HEAP                                     0x20000628   Section      512  startup_stm32g030xx.o(HEAP)
    Heap_Mem                                 0x20000628   Data         512  startup_stm32g030xx.o(HEAP)
    STACK                                    0x20000828   Section     1024  startup_stm32g030xx.o(STACK)
    Stack_Mem                                0x20000828   Data        1024  startup_stm32g030xx.o(STACK)
    __initial_sp                             0x20000c28   Data           0  startup_stm32g030xx.o(STACK)

    Global Symbols

    Symbol Name                              Value     Ov Type        Size  Object(Section)

    BuildAttributes$$THM_ISAv3M$S$PE$A:L22$X:L11$S22$IEEE1$IW$USESV6$~STKCKD$USESV7$~SHL$OSPACE$ROPI$EBA8$UX$STANDARDLIB$REQ8$PRES8$EABIv2 0x00000000   Number         0  anon$$obj.o ABSOLUTE
    __ARM_use_no_argv                        0x00000000   Number         0  main.o ABSOLUTE
    __ARM_exceptions_init                     - Undefined Weak Reference
    __alloca_initialize                       - Undefined Weak Reference
    __arm_preinit_                            - Undefined Weak Reference
    __cpp_initialize__aeabi_                  - Undefined Weak Reference
    __cxa_finalize                            - Undefined Weak Reference
    __rt_locale                               - Undefined Weak Reference
    __sigvec_lookup                           - Undefined Weak Reference
    _atexit_init                              - Undefined Weak Reference
    _call_atexit_fns                          - Undefined Weak Reference
    _clock_init                               - Undefined Weak Reference
    _fp_trap_init                             - Undefined Weak Reference
    _fp_trap_shutdown                         - Undefined Weak Reference
    _get_lc_collate                           - Undefined Weak Reference
    _get_lc_ctype                             - Undefined Weak Reference
    _get_lc_monetary                          - Undefined Weak Reference
    _get_lc_numeric                           - Undefined Weak Reference
    _get_lc_time                              - Undefined Weak Reference
    _getenv_init                              - Undefined Weak Reference
    _handle_redirection                       - Undefined Weak Reference
    _init_alloc                               - Undefined Weak Reference
    _init_user_alloc                          - Undefined Weak Reference
    _initio                                   - Undefined Weak Reference
    _rand_init                                - Undefined Weak Reference
    _signal_finish                            - Undefined Weak Reference
    _signal_init                              - Undefined Weak Reference
    _terminate_alloc                          - Undefined Weak Reference
    _terminate_user_alloc                     - Undefined Weak Reference
    _terminateio                              - Undefined Weak Reference
    __Vectors_Size                           0x000000c0   Number         0  startup_stm32g030xx.o ABSOLUTE
    __Vectors                                0x08000000   Data           4  startup_stm32g030xx.o(RESET)
    __Vectors_End                            0x080000c0   Data           0  startup_stm32g030xx.o(RESET)
    __main                                   0x080000c1   Thumb Code     8  __main.o(!!!main)
    __scatterload                            0x080000c9   Thumb Code     0  __scatter.o(!!!scatter)
    __scatterload_rt2                        0x080000c9   Thumb Code    52  __scatter.o(!!!scatter)
    __scatterload_rt2_thumb_only             0x080000c9   Thumb Code     0  __scatter.o(!!!scatter)
    __scatterload_null                       0x080000d9   Thumb Code     0  __scatter.o(!!!scatter)
    __scatterload_copy                       0x08000105   Thumb Code    26  __scatter_copy.o(!!handler_copy)
    __scatterload_zeroinit                   0x08000121   Thumb Code    28  __scatter_zi.o(!!handler_zi)
    __rt_lib_init                            0x0800013d   Thumb Code     0  libinit.o(.ARM.Collect$$libinit$$00000000)
    __rt_lib_init_alloca_1                   0x0800013f   Thumb Code     0  libinit2.o(.ARM.Collect$$libinit$$0000002E)
    __rt_lib_init_argv_1                     0x0800013f   Thumb Code     0  libinit2.o(.ARM.Collect$$libinit$$0000002C)
    __rt_lib_init_atexit_1                   0x0800013f   Thumb Code     0  libinit2.o(.ARM.Collect$$libinit$$0000001B)
    __rt_lib_init_clock_1                    0x0800013f   Thumb Code     0  libinit2.o(.ARM.Collect$$libinit$$00000021)
    __rt_lib_init_cpp_1                      0x0800013f   Thumb Code     0  libinit2.o(.ARM.Collect$$libinit$$00000032)
    __rt_lib_init_exceptions_1               0x0800013f   Thumb Code     0  libinit2.o(.ARM.Collect$$libinit$$00000030)
    __rt_lib_init_fp_1                       0x0800013f   Thumb Code     0  libinit2.o(.ARM.Collect$$libinit$$00000002)
    __rt_lib_init_fp_trap_1                  0x0800013f   Thumb Code     0  libinit2.o(.ARM.Collect$$libinit$$0000001F)
    __rt_lib_init_getenv_1                   0x0800013f   Thumb Code     0  libinit2.o(.ARM.Collect$$libinit$$00000023)
    __rt_lib_init_heap_1                     0x0800013f   Thumb Code     0  libinit2.o(.ARM.Collect$$libinit$$0000000A)
    __rt_lib_init_lc_collate_1               0x0800013f   Thumb Code     0  libinit2.o(.ARM.Collect$$libinit$$00000011)
    __rt_lib_init_lc_ctype_1                 0x0800013f   Thumb Code     0  libinit2.o(.ARM.Collect$$libinit$$00000013)
    __rt_lib_init_lc_monetary_1              0x0800013f   Thumb Code     0  libinit2.o(.ARM.Collect$$libinit$$00000015)
    __rt_lib_init_lc_numeric_1               0x0800013f   Thumb Code     0  libinit2.o(.ARM.Collect$$libinit$$00000017)
    __rt_lib_init_lc_time_1                  0x0800013f   Thumb Code     0  libinit2.o(.ARM.Collect$$libinit$$00000019)
    __rt_lib_init_preinit_1                  0x0800013f   Thumb Code     0  libinit2.o(.ARM.Collect$$libinit$$00000004)
    __rt_lib_init_rand_1                     0x0800013f   Thumb Code     0  libinit2.o(.ARM.Collect$$libinit$$0000000E)
    __rt_lib_init_return                     0x0800013f   Thumb Code     0  libinit2.o(.ARM.Collect$$libinit$$00000033)
    __rt_lib_init_signal_1                   0x0800013f   Thumb Code     0  libinit2.o(.ARM.Collect$$libinit$$0000001D)
    __rt_lib_init_stdio_1                    0x0800013f   Thumb Code     0  libinit2.o(.ARM.Collect$$libinit$$00000025)
    __rt_lib_init_user_alloc_1               0x0800013f   Thumb Code     0  libinit2.o(.ARM.Collect$$libinit$$0000000C)
    __rt_lib_shutdown                        0x08000141   Thumb Code     0  libshutdown.o(.ARM.Collect$$libshutdown$$00000000)
    __rt_lib_shutdown_cpp_1                  0x08000143   Thumb Code     0  libshutdown2.o(.ARM.Collect$$libshutdown$$00000002)
    __rt_lib_shutdown_fp_trap_1              0x08000143   Thumb Code     0  libshutdown2.o(.ARM.Collect$$libshutdown$$00000007)
    __rt_lib_shutdown_heap_1                 0x08000143   Thumb Code     0  libshutdown2.o(.ARM.Collect$$libshutdown$$0000000F)
    __rt_lib_shutdown_return                 0x08000143   Thumb Code     0  libshutdown2.o(.ARM.Collect$$libshutdown$$00000010)
    __rt_lib_shutdown_signal_1               0x08000143   Thumb Code     0  libshutdown2.o(.ARM.Collect$$libshutdown$$0000000A)
    __rt_lib_shutdown_stdio_1                0x08000143   Thumb Code     0  libshutdown2.o(.ARM.Collect$$libshutdown$$00000004)
    __rt_lib_shutdown_user_alloc_1           0x08000143   Thumb Code     0  libshutdown2.o(.ARM.Collect$$libshutdown$$0000000C)
    __rt_entry                               0x08000145   Thumb Code     0  __rtentry.o(.ARM.Collect$$rtentry$$00000000)
    __rt_entry_presh_1                       0x08000145   Thumb Code     0  __rtentry2.o(.ARM.Collect$$rtentry$$00000002)
    __rt_entry_sh                            0x08000145   Thumb Code     0  __rtentry4.o(.ARM.Collect$$rtentry$$00000004)
    __rt_entry_li                            0x0800014b   Thumb Code     0  __rtentry2.o(.ARM.Collect$$rtentry$$0000000A)
    __rt_entry_postsh_1                      0x0800014b   Thumb Code     0  __rtentry2.o(.ARM.Collect$$rtentry$$00000009)
    __rt_entry_main                          0x0800014f   Thumb Code     0  __rtentry2.o(.ARM.Collect$$rtentry$$0000000D)
    __rt_entry_postli_1                      0x0800014f   Thumb Code     0  __rtentry2.o(.ARM.Collect$$rtentry$$0000000C)
    __rt_exit                                0x08000157   Thumb Code     0  rtexit.o(.ARM.Collect$$rtexit$$00000000)
    __rt_exit_ls                             0x08000159   Thumb Code     0  rtexit2.o(.ARM.Collect$$rtexit$$00000003)
    __rt_exit_prels_1                        0x08000159   Thumb Code     0  rtexit2.o(.ARM.Collect$$rtexit$$00000002)
    __rt_exit_exit                           0x0800015d   Thumb Code     0  rtexit2.o(.ARM.Collect$$rtexit$$00000004)
    Reset_Handler                            0x08000165   Thumb Code     8  startup_stm32g030xx.o(.text)
    ADC1_IRQHandler                          0x08000177   Thumb Code     0  startup_stm32g030xx.o(.text)
    DMA1_Ch4_5_DMAMUX1_OVR_IRQHandler        0x08000177   Thumb Code     0  startup_stm32g030xx.o(.text)
    DMA1_Channel1_IRQHandler                 0x08000177   Thumb Code     0  startup_stm32g030xx.o(.text)
    DMA1_Channel2_3_IRQHandler               0x08000177   Thumb Code     0  startup_stm32g030xx.o(.text)
    EXTI0_1_IRQHandler                       0x08000177   Thumb Code     0  startup_stm32g030xx.o(.text)
    EXTI2_3_IRQHandler                       0x08000177   Thumb Code     0  startup_stm32g030xx.o(.text)
    FLASH_IRQHandler                         0x08000177   Thumb Code     0  startup_stm32g030xx.o(.text)
    I2C1_IRQHandler                          0x08000177   Thumb Code     0  startup_stm32g030xx.o(.text)
    I2C2_IRQHandler                          0x08000177   Thumb Code     0  startup_stm32g030xx.o(.text)
    RCC_IRQHandler                           0x08000177   Thumb Code     0  startup_stm32g030xx.o(.text)
    RTC_TAMP_IRQHandler                      0x08000177   Thumb Code     0  startup_stm32g030xx.o(.text)
    SPI1_IRQHandler                          0x08000177   Thumb Code     0  startup_stm32g030xx.o(.text)
    SPI2_IRQHandler                          0x08000177   Thumb Code     0  startup_stm32g030xx.o(.text)
    TIM1_BRK_UP_TRG_COM_IRQHandler           0x08000177   Thumb Code     0  startup_stm32g030xx.o(.text)
    TIM1_CC_IRQHandler                       0x08000177   Thumb Code     0  startup_stm32g030xx.o(.text)
    TIM3_IRQHandler                          0x08000177   Thumb Code     0  startup_stm32g030xx.o(.text)
    USART2_IRQHandler                        0x08000177   Thumb Code     0  startup_stm32g030xx.o(.text)
    WWDG_IRQHandler                          0x08000177   Thumb Code     0  startup_stm32g030xx.o(.text)
    __user_initial_stackheap                 0x08000179   Thumb Code     0  startup_stm32g030xx.o(.text)
    __aeabi_lmul                             0x0800019d   Thumb Code    48  llmul.o(.text)
    _ll_mul                                  0x0800019d   Thumb Code     0  llmul.o(.text)
    __aeabi_uldivmod                         0x080001cd   Thumb Code   258  lludiv.o(.text)
    _ll_udiv                                 0x080001cd   Thumb Code     0  lludiv.o(.text)
    _memset_w                                0x080002cf   Thumb Code    26  rt_memclr.o(.text)
    _memset                                  0x080002e9   Thumb Code    30  rt_memclr.o(.text)
    __aeabi_memclr                           0x08000307   Thumb Code     4  rt_memclr.o(.text)
    __rt_memclr                              0x08000307   Thumb Code     0  rt_memclr.o(.text)
    __aeabi_memclr4                          0x0800030b   Thumb Code     0  rt_memclr.o(.text)
    __aeabi_memclr8                          0x0800030b   Thumb Code     0  rt_memclr.o(.text)
    __rt_memclr_w                            0x0800030b   Thumb Code     4  rt_memclr.o(.text)
    __aeabi_uidiv                            0x0800030f   Thumb Code     0  aeabi_sdiv.o(.text)
    __aeabi_uidivmod                         0x0800030f   Thumb Code    20  aeabi_sdiv.o(.text)
    __aeabi_idiv                             0x08000323   Thumb Code     0  aeabi_sdiv.o(.text)
    __aeabi_idivmod                          0x08000323   Thumb Code   326  aeabi_sdiv.o(.text)
    __use_two_region_memory                  0x08000469   Thumb Code     2  heapauxi.o(.text)
    __rt_heap_escrow$2region                 0x0800046b   Thumb Code     2  heapauxi.o(.text)
    __rt_heap_expand$2region                 0x0800046d   Thumb Code     2  heapauxi.o(.text)
    __user_setup_stackheap                   0x0800046f   Thumb Code    62  sys_stackheap_outer.o(.text)
    exit                                     0x080004ad   Thumb Code    16  exit.o(.text)
    __user_libspace                          0x080004bd   Thumb Code     8  libspace.o(.text)
    __user_perproc_libspace                  0x080004bd   Thumb Code     0  libspace.o(.text)
    __user_perthread_libspace                0x080004bd   Thumb Code     0  libspace.o(.text)
    _sys_exit                                0x080004c5   Thumb Code     8  sys_exit.o(.text)
    __I$use$semihosting                      0x080004d1   Thumb Code     0  use_no_semi.o(.text)
    __use_no_semihosting_swi                 0x080004d1   Thumb Code     2  use_no_semi.o(.text)
    __semihosting_library_function           0x080004d3   Thumb Code     0  indicate_semi.o(.text)
    ADC_Enable                               0x080004d5   Thumb Code   152  stm32g0xx_hal_adc.o(i.ADC_Enable)
    EXTI4_15_IRQHandler                      0x0800057d   Thumb Code    44  stm32g0xx_it.o(i.EXTI4_15_IRQHandler)
    Error_Handler                            0x080005a9   Thumb Code     4  main.o(i.Error_Handler)
    HAL_ADC_ConfigChannel                    0x080005ad   Thumb Code   522  stm32g0xx_hal_adc.o(i.HAL_ADC_ConfigChannel)
    HAL_ADC_GetValue                         0x080007d1   Thumb Code     6  stm32g0xx_hal_adc.o(i.HAL_ADC_GetValue)
    HAL_ADC_Init                             0x080007d9   Thumb Code   552  stm32g0xx_hal_adc.o(i.HAL_ADC_Init)
    HAL_ADC_MspInit                          0x08000a25   Thumb Code   110  adc.o(i.HAL_ADC_MspInit)
    HAL_ADC_PollForConversion                0x08000aa5   Thumb Code   190  stm32g0xx_hal_adc.o(i.HAL_ADC_PollForConversion)
    HAL_ADC_Start                            0x08000b65   Thumb Code    94  stm32g0xx_hal_adc.o(i.HAL_ADC_Start)
    HAL_DMA_Abort                            0x08000bcd   Thumb Code   112  stm32g0xx_hal_dma.o(i.HAL_DMA_Abort)
    HAL_DMA_Abort_IT                         0x08000c41   Thumb Code   118  stm32g0xx_hal_dma.o(i.HAL_DMA_Abort_IT)
    HAL_GPIO_EXTI_Falling_Callback           0x08000cbd   Thumb Code     2  stm32g0xx_hal_gpio.o(i.HAL_GPIO_EXTI_Falling_Callback)
    HAL_GPIO_EXTI_IRQHandler                 0x08000cc1   Thumb Code    36  stm32g0xx_hal_gpio.o(i.HAL_GPIO_EXTI_IRQHandler)
    HAL_GPIO_EXTI_Rising_Callback            0x08000ce9   Thumb Code     2  stm32g0xx_hal_gpio.o(i.HAL_GPIO_EXTI_Rising_Callback)
    HAL_GPIO_Init                            0x08000ced   Thumb Code   330  stm32g0xx_hal_gpio.o(i.HAL_GPIO_Init)
    HAL_GPIO_ReadPin                         0x08000e49   Thumb Code    10  stm32g0xx_hal_gpio.o(i.HAL_GPIO_ReadPin)
    HAL_GPIO_WritePin                        0x08000e53   Thumb Code    12  stm32g0xx_hal_gpio.o(i.HAL_GPIO_WritePin)
    HAL_GetTick                              0x08000e61   Thumb Code     6  stm32g0xx_hal.o(i.HAL_GetTick)
    HAL_IWDG_Init                            0x08000e6d   Thumb Code    86  stm32g0xx_hal_iwdg.o(i.HAL_IWDG_Init)
    HAL_IncTick                              0x08000ed1   Thumb Code    12  stm32g0xx_hal.o(i.HAL_IncTick)
    HAL_Init                                 0x08000ee1   Thumb Code    36  stm32g0xx_hal.o(i.HAL_Init)
    HAL_InitTick                             0x08000f09   Thumb Code    64  stm32g0xx_hal.o(i.HAL_InitTick)
    HAL_MspInit                              0x08000f51   Thumb Code    38  stm32g0xx_hal_msp.o(i.HAL_MspInit)
    HAL_NVIC_EnableIRQ                       0x08000f7d   Thumb Code    18  stm32g0xx_hal_cortex.o(i.HAL_NVIC_EnableIRQ)
    HAL_NVIC_SetPriority                     0x08000f95   Thumb Code     8  stm32g0xx_hal_cortex.o(i.HAL_NVIC_SetPriority)
    HAL_NVIC_SystemReset                     0x08000f9d   Thumb Code    18  stm32g0xx_hal_cortex.o(i.HAL_NVIC_SystemReset)
    HAL_PWREx_ControlVoltageScaling          0x08000fb9   Thumb Code    62  stm32g0xx_hal_pwr_ex.o(i.HAL_PWREx_ControlVoltageScaling)
    HAL_RCCEx_PeriphCLKConfig                0x08001005   Thumb Code   320  stm32g0xx_hal_rcc_ex.o(i.HAL_RCCEx_PeriphCLKConfig)
    HAL_RCC_ClockConfig                      0x08001151   Thumb Code   318  stm32g0xx_hal_rcc.o(i.HAL_RCC_ClockConfig)
    HAL_RCC_GetPCLK1Freq                     0x080012a9   Thumb Code    26  stm32g0xx_hal_rcc.o(i.HAL_RCC_GetPCLK1Freq)
    HAL_RCC_GetSysClockFreq                  0x080012d1   Thumb Code   130  stm32g0xx_hal_rcc.o(i.HAL_RCC_GetSysClockFreq)
    HAL_RCC_OscConfig                        0x0800135d   Thumb Code   954  stm32g0xx_hal_rcc.o(i.HAL_RCC_OscConfig)
    HAL_SYSTICK_Config                       0x0800173d   Thumb Code    38  stm32g0xx_hal_cortex.o(i.HAL_SYSTICK_Config)
    HAL_TIMEx_Break2Callback                 0x0800176d   Thumb Code     2  stm32g0xx_hal_tim_ex.o(i.HAL_TIMEx_Break2Callback)
    HAL_TIMEx_BreakCallback                  0x0800176f   Thumb Code     2  stm32g0xx_hal_tim_ex.o(i.HAL_TIMEx_BreakCallback)
    HAL_TIMEx_CommutCallback                 0x08001771   Thumb Code     2  stm32g0xx_hal_tim_ex.o(i.HAL_TIMEx_CommutCallback)
    HAL_TIMEx_MasterConfigSynchronization    0x08001775   Thumb Code    90  stm32g0xx_hal_tim_ex.o(i.HAL_TIMEx_MasterConfigSynchronization)
    HAL_TIM_Base_Init                        0x080017d9   Thumb Code    76  stm32g0xx_hal_tim.o(i.HAL_TIM_Base_Init)
    HAL_TIM_Base_MspInit                     0x08001825   Thumb Code   142  tim.o(i.HAL_TIM_Base_MspInit)
    HAL_TIM_ConfigClockSource                0x080018c9   Thumb Code   210  stm32g0xx_hal_tim.o(i.HAL_TIM_ConfigClockSource)
    HAL_TIM_IC_CaptureCallback               0x080019a1   Thumb Code     2  stm32g0xx_hal_tim.o(i.HAL_TIM_IC_CaptureCallback)
    HAL_TIM_IRQHandler                       0x080019a5   Thumb Code   382  stm32g0xx_hal_tim.o(i.HAL_TIM_IRQHandler)
    HAL_TIM_MspPostInit                      0x08001b29   Thumb Code   132  tim.o(i.HAL_TIM_MspPostInit)
    HAL_TIM_OC_DelayElapsedCallback          0x08001bc5   Thumb Code     2  stm32g0xx_hal_tim.o(i.HAL_TIM_OC_DelayElapsedCallback)
    HAL_TIM_PWM_ConfigChannel                0x08001bc7   Thumb Code   286  stm32g0xx_hal_tim.o(i.HAL_TIM_PWM_ConfigChannel)
    HAL_TIM_PWM_Init                         0x08001ce5   Thumb Code    76  stm32g0xx_hal_tim.o(i.HAL_TIM_PWM_Init)
    HAL_TIM_PWM_MspInit                      0x08001d31   Thumb Code     2  stm32g0xx_hal_tim.o(i.HAL_TIM_PWM_MspInit)
    HAL_TIM_PWM_PulseFinishedCallback        0x08001d33   Thumb Code     2  stm32g0xx_hal_tim.o(i.HAL_TIM_PWM_PulseFinishedCallback)
    HAL_TIM_PWM_Start                        0x08001d35   Thumb Code   172  stm32g0xx_hal_tim.o(i.HAL_TIM_PWM_Start)
    HAL_TIM_PWM_Stop                         0x08001df5   Thumb Code   136  stm32g0xx_hal_tim.o(i.HAL_TIM_PWM_Stop)
    HAL_TIM_PeriodElapsedCallback            0x08001e8d   Thumb Code     2  stm32g0xx_hal_tim.o(i.HAL_TIM_PeriodElapsedCallback)
    HAL_TIM_TriggerCallback                  0x08001e8f   Thumb Code     2  stm32g0xx_hal_tim.o(i.HAL_TIM_TriggerCallback)
    HAL_UARTEx_DisableFifoMode               0x08001e91   Thumb Code    60  stm32g0xx_hal_uart_ex.o(i.HAL_UARTEx_DisableFifoMode)
    HAL_UARTEx_RxEventCallback               0x08001ecd   Thumb Code     2  stm32g0xx_hal_uart.o(i.HAL_UARTEx_RxEventCallback)
    HAL_UARTEx_RxFifoFullCallback            0x08001ecf   Thumb Code     2  stm32g0xx_hal_uart_ex.o(i.HAL_UARTEx_RxFifoFullCallback)
    HAL_UARTEx_SetRxFifoThreshold            0x08001ed1   Thumb Code    72  stm32g0xx_hal_uart_ex.o(i.HAL_UARTEx_SetRxFifoThreshold)
    HAL_UARTEx_SetTxFifoThreshold            0x08001f19   Thumb Code    70  stm32g0xx_hal_uart_ex.o(i.HAL_UARTEx_SetTxFifoThreshold)
    HAL_UARTEx_TxFifoEmptyCallback           0x08001f5f   Thumb Code     2  stm32g0xx_hal_uart_ex.o(i.HAL_UARTEx_TxFifoEmptyCallback)
    HAL_UARTEx_WakeupCallback                0x08001f61   Thumb Code     2  stm32g0xx_hal_uart_ex.o(i.HAL_UARTEx_WakeupCallback)
    HAL_UART_ErrorCallback                   0x08001f63   Thumb Code     2  stm32g0xx_hal_uart.o(i.HAL_UART_ErrorCallback)
    HAL_UART_IRQHandler                      0x08001f65   Thumb Code   594  stm32g0xx_hal_uart.o(i.HAL_UART_IRQHandler)
    HAL_UART_Init                            0x080021c9   Thumb Code   108  stm32g0xx_hal_uart.o(i.HAL_UART_Init)
    HAL_UART_MspInit                         0x08002235   Thumb Code    84  usart.o(i.HAL_UART_MspInit)
    HAL_UART_Receive_IT                      0x08002295   Thumb Code    68  stm32g0xx_hal_uart.o(i.HAL_UART_Receive_IT)
    HAL_UART_RxCpltCallback                  0x080022d9   Thumb Code    32  serial.o(i.HAL_UART_RxCpltCallback)
    HAL_UART_TxCpltCallback                  0x08002309   Thumb Code     2  stm32g0xx_hal_uart.o(i.HAL_UART_TxCpltCallback)
    HardFault_Handler                        0x0800230b   Thumb Code     2  stm32g0xx_it.o(i.HardFault_Handler)
    MX_ADC1_Init                             0x08002351   Thumb Code   276  adc.o(i.MX_ADC1_Init)
    MX_GPIO_Init                             0x08002491   Thumb Code   274  gpio.o(i.MX_GPIO_Init)
    MX_IWDG_Init                             0x080025bd   Thumb Code    32  iwdg.o(i.MX_IWDG_Init)
    MX_TIM14_Init                            0x080025e9   Thumb Code    96  tim.o(i.MX_TIM14_Init)
    MX_TIM16_Init                            0x08002655   Thumb Code    38  tim.o(i.MX_TIM16_Init)
    MX_TIM17_Init                            0x08002689   Thumb Code    38  tim.o(i.MX_TIM17_Init)
    MX_TIM3_Init                             0x080026b9   Thumb Code   214  tim.o(i.MX_TIM3_Init)
    MX_USART1_UART_Init                      0x0800279d   Thumb Code   122  usart.o(i.MX_USART1_UART_Init)
    NMI_Handler                              0x08002825   Thumb Code     2  stm32g0xx_it.o(i.NMI_Handler)
    PendSV_Handler                           0x08002827   Thumb Code     2  stm32g0xx_it.o(i.PendSV_Handler)
    RINGBUF_Get                              0x08002829   Thumb Code    68  ringbuf.o(i.RINGBUF_Get)
    RINGBUF_Init                             0x08002871   Thumb Code    14  ringbuf.o(i.RINGBUF_Init)
    RINGBUF_Put                              0x08002881   Thumb Code    60  ringbuf.o(i.RINGBUF_Put)
    SVC_Handler                              0x080028c1   Thumb Code     2  stm32g0xx_it.o(i.SVC_Handler)
    Serial_PollingData                       0x080028c5   Thumb Code    66  serial.o(i.Serial_PollingData)
    SysTick_Handler                          0x08002915   Thumb Code     8  stm32g0xx_it.o(i.SysTick_Handler)
    SystemClock_Config                       0x0800291d   Thumb Code   144  main.o(i.SystemClock_Config)
    SystemInit                               0x080029b1   Thumb Code    10  system_stm32g0xx.o(i.SystemInit)
    TIM14_IRQHandler                         0x080029c1   Thumb Code    10  stm32g0xx_it.o(i.TIM14_IRQHandler)
    TIM16_IRQHandler                         0x080029d1   Thumb Code    18  stm32g0xx_it.o(i.TIM16_IRQHandler)
    TIM17_IRQHandler                         0x080029ed   Thumb Code    26  stm32g0xx_it.o(i.TIM17_IRQHandler)
    TIM_Base_SetConfig                       0x08002a11   Thumb Code   100  stm32g0xx_hal_tim.o(i.TIM_Base_SetConfig)
    TIM_CCxChannelCmd                        0x08002a89   Thumb Code    26  stm32g0xx_hal_tim.o(i.TIM_CCxChannelCmd)
    TIM_ETR_SetConfig                        0x08002aa3   Thumb Code    22  stm32g0xx_hal_tim.o(i.TIM_ETR_SetConfig)
    TIM_OC2_SetConfig                        0x08002b49   Thumb Code   108  stm32g0xx_hal_tim.o(i.TIM_OC2_SetConfig)
    UART_AdvFeatureConfig                    0x08002e15   Thumb Code   202  stm32g0xx_hal_uart.o(i.UART_AdvFeatureConfig)
    UART_CheckIdleState                      0x08002ee1   Thumb Code    94  stm32g0xx_hal_uart.o(i.UART_CheckIdleState)
    UART_SetConfig                           0x08003301   Thumb Code   332  stm32g0xx_hal_uart.o(i.UART_SetConfig)
    UART_Start_Receive_IT                    0x0800346d   Thumb Code   204  stm32g0xx_hal_uart.o(i.UART_Start_Receive_IT)
    UART_WaitOnFlagUntilTimeout              0x0800354d   Thumb Code   156  stm32g0xx_hal_uart.o(i.UART_WaitOnFlagUntilTimeout)
    USART1_IRQHandler                        0x080035e9   Thumb Code    10  stm32g0xx_it.o(i.USART1_IRQHandler)
    __ARM_common_switch8                     0x080035f9   Thumb Code    26  control_motor.o(i.__ARM_common_switch8)
    cal_duty_cycle_pwm_in                    0x08003659   Thumb Code   244  read_input_signal.o(i.cal_duty_cycle_pwm_in)
    control_all_led                          0x08003759   Thumb Code    40  led_status.o(i.control_all_led)
    control_led_error                        0x08003781   Thumb Code   218  led_status.o(i.control_led_error)
    control_led_motor_status                 0x08003869   Thumb Code   102  led_status.o(i.control_led_motor_status)
    control_led_over_current                 0x080038e1   Thumb Code   236  led_status.o(i.control_led_over_current)
    control_led_run                          0x080039d9   Thumb Code   198  led_status.o(i.control_led_run)
    control_led_status                       0x08003aad   Thumb Code    74  led_status.o(i.control_led_status)
    control_run_all_motor                    0x08003b0d   Thumb Code    16  control_motor.o(i.control_run_all_motor)
    control_run_motor                        0x08003b1d   Thumb Code   344  control_motor.o(i.control_run_motor)
    convert_adc_value_1KHz                   0x08003c81   Thumb Code    74  read_adc.o(i.convert_adc_value_1KHz)
    convert_adc_value_20Hz                   0x08003cd9   Thumb Code   206  read_adc.o(i.convert_adc_value_20Hz)
    convert_all_adc_value                    0x08003db5   Thumb Code    12  read_adc.o(i.convert_all_adc_value)
    init_buff                                0x08003dc1   Thumb Code    14  serial.o(i.init_buff)
    init_input_info                          0x08003dd9   Thumb Code    64  read_input_signal.o(i.init_input_info)
    main                                     0x08003e21   Thumb Code   100  main.o(i.main)
    pinHigh                                  0x08003e91   Thumb Code    12  gpio.o(i.pinHigh)
    pinLow                                   0x08003e9d   Thumb Code    12  gpio.o(i.pinLow)
    pinRead                                  0x08003ea9   Thumb Code    10  gpio.o(i.pinRead)
    process_button                           0x08003eb5   Thumb Code   196  button.o(i.process_button)
    process_error                            0x08003f85   Thumb Code   144  read_adc.o(i.process_error)
    process_input_signal                     0x08004021   Thumb Code    16  read_input_signal.o(i.process_input_signal)
    process_input_signal_motor               0x08004031   Thumb Code   238  read_input_signal.o(i.process_input_signal_motor)
    process_read_button                      0x08004131   Thumb Code   112  button.o(i.process_read_button)
    read_adc_Vbus_feed                       0x080041ad   Thumb Code    68  adc.o(i.read_adc_Vbus_feed)
    read_adc_iAcce                           0x080041fd   Thumb Code   134  adc.o(i.read_adc_iAcce)
    read_adc_iAnalog_input                   0x08004295   Thumb Code   134  adc.o(i.read_adc_iAnalog_input)
    read_adc_iLimit                          0x0800432d   Thumb Code   134  adc.o(i.read_adc_iLimit)
    read_adc_iSen                            0x080043c5   Thumb Code   134  adc.o(i.read_adc_iSen)
    read_adc_temperature                     0x0800445d   Thumb Code    66  adc.o(i.read_adc_temperature)
    read_button                              0x080044a9   Thumb Code    32  button.o(i.read_button)
    read_dir_in                              0x080044cd   Thumb Code    96  read_input_signal.o(i.read_dir_in)
    read_input_analog_signal                 0x08004535   Thumb Code    60  read_input_signal.o(i.read_input_analog_signal)
    read_input_pwm_signal                    0x08004579   Thumb Code   362  read_input_signal.o(i.read_input_pwm_signal)
    read_input_rc_signal                     0x080046f9   Thumb Code   360  read_input_signal.o(i.read_input_rc_signal)
    reset_motor_info                         0x08004879   Thumb Code    24  read_input_signal.o(i.reset_motor_info)
    run_motor                                0x08004895   Thumb Code   112  control_motor.o(i.run_motor)
    stop_motor                               0x08004909   Thumb Code    40  control_motor.o(i.stop_motor)
    UARTPrescTable                           0x08004934   Data          24  stm32g0xx_hal_uart.o(.constdata)
    AHBPrescTable                            0x0800494c   Data          64  system_stm32g0xx.o(.constdata)
    APBPrescTable                            0x0800498c   Data          32  system_stm32g0xx.o(.constdata)
    Region$$Table$$Base                      0x080049ac   Number         0  anon$$obj.o(Region$$Table)
    Region$$Table$$Limit                     0x080049cc   Number         0  anon$$obj.o(Region$$Table)
    err_code                                 0x20000000   Data           1  main.o(.data)
    first_power_on                           0x20000004   Data           1  main.o(.data)
    config_pwm_pin_mode                      0x20000005   Data           1  main.o(.data)
    start_led_power_on                       0x20000008   Data           4  main.o(.data)
    timer_tick_pwm_in                        0x20000010   Data           8  main.o(.data)
    os_time                                  0x20000018   Data           4  main.o(.data)
    data_uart                                0x2000001c   Data           1  main.o(.data)
    step_hbr1                                0x2000001d   Data           1  read_input_signal.o(.data)
    step_hbr2                                0x2000001e   Data           1  read_input_signal.o(.data)
    pin_hbr1_pwm                             0x2000001f   Data           1  read_input_signal.o(.data)
    pin_hbr2_pwm                             0x20000020   Data           1  read_input_signal.o(.data)
    pin_hbr1_pwm_last                        0x20000021   Data           1  read_input_signal.o(.data)
    pin_hbr2_pwm_last                        0x20000022   Data           1  read_input_signal.o(.data)
    indexData                                0x20000024   Data           4  serial.o(.data)
    uwTickFreq                               0x20000028   Data           1  stm32g0xx_hal.o(.data)
    uwTickPrio                               0x2000002c   Data           4  stm32g0xx_hal.o(.data)
    uwTick                                   0x20000030   Data           4  stm32g0xx_hal.o(.data)
    SystemCoreClock                          0x20000034   Data           4  system_stm32g0xx.o(.data)
    button_info                              0x20000038   Data          56  main.o(.bss)
    led_data                                 0x20000070   Data          96  main.o(.bss)
    signal_input_info                        0x200000d0   Data         112  main.o(.bss)
    adc_data                                 0x20000140   Data          48  main.o(.bss)
    motor_info                               0x20000170   Data          48  main.o(.bss)
    adc_convert_data                         0x200001a0   Data          60  main.o(.bss)
    sRingBuffer                              0x200001dc   Data          16  main.o(.bss)
    serialRxBuffer                           0x200001ec   Data         200  main.o(.bss)
    hadc1                                    0x200002b4   Data         100  adc.o(.bss)
    hiwdg                                    0x20000318   Data          16  iwdg.o(.bss)
    htim3                                    0x20000328   Data          76  tim.o(.bss)
    htim14                                   0x20000374   Data          76  tim.o(.bss)
    htim16                                   0x200003c0   Data          76  tim.o(.bss)
    htim17                                   0x2000040c   Data          76  tim.o(.bss)
    huart1                                   0x20000458   Data         144  usart.o(.bss)
    GPIO_InitStruct                          0x200004e8   Data          20  serial.o(.bss)
    termDataBuffer                           0x200004fc   Data         200  serial.o(.bss)
    __libspace_start                         0x200005c4   Data          96  libspace.o(.bss)
    __temporary_stack_top$libspace           0x20000624   Data           0  libspace.o(.bss)



==============================================================================

Memory Map of the image

  Image Entry point : 0x080000c1

  Load Region LR_IROM1 (Base: 0x08000000, Size: 0x00004a04, Max: 0x00010000, ABSOLUTE)

    Execution Region ER_IROM1 (Base: 0x08000000, Size: 0x000049cc, Max: 0x00010000, ABSOLUTE)

    Base Addr    Size         Type   Attr      Idx    E Section Name        Object

    0x08000000   0x000000c0   Data   RO          131    RESET               startup_stm32g030xx.o
    0x080000c0   0x00000008   Code   RO          642  * !!!main             c_p.l(__main.o)
    0x080000c8   0x0000003c   Code   RO          776    !!!scatter          c_p.l(__scatter.o)
    0x08000104   0x0000001a   Code   RO          777    !!handler_copy      c_p.l(__scatter_copy.o)
    0x0800011e   0x00000002   PAD
    0x08000120   0x0000001c   Code   RO          778    !!handler_zi        c_p.l(__scatter_zi.o)
    0x0800013c   0x00000002   Code   RO          672    .ARM.Collect$$libinit$$00000000  c_p.l(libinit.o)
    0x0800013e   0x00000000   Code   RO          682    .ARM.Collect$$libinit$$00000002  c_p.l(libinit2.o)
    0x0800013e   0x00000000   Code   RO          684    .ARM.Collect$$libinit$$00000004  c_p.l(libinit2.o)
    0x0800013e   0x00000000   Code   RO          687    .ARM.Collect$$libinit$$0000000A  c_p.l(libinit2.o)
    0x0800013e   0x00000000   Code   RO          689    .ARM.Collect$$libinit$$0000000C  c_p.l(libinit2.o)
    0x0800013e   0x00000000   Code   RO          691    .ARM.Collect$$libinit$$0000000E  c_p.l(libinit2.o)
    0x0800013e   0x00000000   Code   RO          694    .ARM.Collect$$libinit$$00000011  c_p.l(libinit2.o)
    0x0800013e   0x00000000   Code   RO          696    .ARM.Collect$$libinit$$00000013  c_p.l(libinit2.o)
    0x0800013e   0x00000000   Code   RO          698    .ARM.Collect$$libinit$$00000015  c_p.l(libinit2.o)
    0x0800013e   0x00000000   Code   RO          700    .ARM.Collect$$libinit$$00000017  c_p.l(libinit2.o)
    0x0800013e   0x00000000   Code   RO          702    .ARM.Collect$$libinit$$00000019  c_p.l(libinit2.o)
    0x0800013e   0x00000000   Code   RO          704    .ARM.Collect$$libinit$$0000001B  c_p.l(libinit2.o)
    0x0800013e   0x00000000   Code   RO          706    .ARM.Collect$$libinit$$0000001D  c_p.l(libinit2.o)
    0x0800013e   0x00000000   Code   RO          708    .ARM.Collect$$libinit$$0000001F  c_p.l(libinit2.o)
    0x0800013e   0x00000000   Code   RO          710    .ARM.Collect$$libinit$$00000021  c_p.l(libinit2.o)
    0x0800013e   0x00000000   Code   RO          712    .ARM.Collect$$libinit$$00000023  c_p.l(libinit2.o)
    0x0800013e   0x00000000   Code   RO          714    .ARM.Collect$$libinit$$00000025  c_p.l(libinit2.o)
    0x0800013e   0x00000000   Code   RO          718    .ARM.Collect$$libinit$$0000002C  c_p.l(libinit2.o)
    0x0800013e   0x00000000   Code   RO          720    .ARM.Collect$$libinit$$0000002E  c_p.l(libinit2.o)
    0x0800013e   0x00000000   Code   RO          722    .ARM.Collect$$libinit$$00000030  c_p.l(libinit2.o)
    0x0800013e   0x00000000   Code   RO          724    .ARM.Collect$$libinit$$00000032  c_p.l(libinit2.o)
    0x0800013e   0x00000002   Code   RO          725    .ARM.Collect$$libinit$$00000033  c_p.l(libinit2.o)
    0x08000140   0x00000002   Code   RO          745    .ARM.Collect$$libshutdown$$00000000  c_p.l(libshutdown.o)
    0x08000142   0x00000000   Code   RO          759    .ARM.Collect$$libshutdown$$00000002  c_p.l(libshutdown2.o)
    0x08000142   0x00000000   Code   RO          761    .ARM.Collect$$libshutdown$$00000004  c_p.l(libshutdown2.o)
    0x08000142   0x00000000   Code   RO          764    .ARM.Collect$$libshutdown$$00000007  c_p.l(libshutdown2.o)
    0x08000142   0x00000000   Code   RO          767    .ARM.Collect$$libshutdown$$0000000A  c_p.l(libshutdown2.o)
    0x08000142   0x00000000   Code   RO          769    .ARM.Collect$$libshutdown$$0000000C  c_p.l(libshutdown2.o)
    0x08000142   0x00000000   Code   RO          772    .ARM.Collect$$libshutdown$$0000000F  c_p.l(libshutdown2.o)
    0x08000142   0x00000002   Code   RO          773    .ARM.Collect$$libshutdown$$00000010  c_p.l(libshutdown2.o)
    0x08000144   0x00000000   Code   RO          643    .ARM.Collect$$rtentry$$00000000  c_p.l(__rtentry.o)
    0x08000144   0x00000000   Code   RO          649    .ARM.Collect$$rtentry$$00000002  c_p.l(__rtentry2.o)
    0x08000144   0x00000006   Code   RO          661    .ARM.Collect$$rtentry$$00000004  c_p.l(__rtentry4.o)
    0x0800014a   0x00000000   Code   RO          651    .ARM.Collect$$rtentry$$00000009  c_p.l(__rtentry2.o)
    0x0800014a   0x00000004   Code   RO          652    .ARM.Collect$$rtentry$$0000000A  c_p.l(__rtentry2.o)
    0x0800014e   0x00000000   Code   RO          654    .ARM.Collect$$rtentry$$0000000C  c_p.l(__rtentry2.o)
    0x0800014e   0x00000008   Code   RO          655    .ARM.Collect$$rtentry$$0000000D  c_p.l(__rtentry2.o)
    0x08000156   0x00000002   Code   RO          676    .ARM.Collect$$rtexit$$00000000  c_p.l(rtexit.o)
    0x08000158   0x00000000   Code   RO          728    .ARM.Collect$$rtexit$$00000002  c_p.l(rtexit2.o)
    0x08000158   0x00000004   Code   RO          729    .ARM.Collect$$rtexit$$00000003  c_p.l(rtexit2.o)
    0x0800015c   0x00000006   Code   RO          730    .ARM.Collect$$rtexit$$00000004  c_p.l(rtexit2.o)
    0x08000162   0x00000002   PAD
    0x08000164   0x00000038   Code   RO          132    .text               startup_stm32g030xx.o
    0x0800019c   0x00000030   Code   RO          636    .text               c_p.l(llmul.o)
    0x080001cc   0x00000102   Code   RO          637    .text               c_p.l(lludiv.o)
    0x080002ce   0x00000040   Code   RO          638    .text               c_p.l(rt_memclr.o)
    0x0800030e   0x0000015a   Code   RO          639    .text               c_p.l(aeabi_sdiv.o)
    0x08000468   0x00000006   Code   RO          641    .text               c_p.l(heapauxi.o)
    0x0800046e   0x0000003e   Code   RO          664    .text               c_p.l(sys_stackheap_outer.o)
    0x080004ac   0x00000010   Code   RO          666    .text               c_p.l(exit.o)
    0x080004bc   0x00000008   Code   RO          673    .text               c_p.l(libspace.o)
    0x080004c4   0x0000000c   Code   RO          726    .text               c_p.l(sys_exit.o)
    0x080004d0   0x00000002   Code   RO          739    .text               c_p.l(use_no_semi.o)
    0x080004d2   0x00000000   Code   RO          740    .text               c_p.l(indicate_semi.o)
    0x080004d2   0x00000002   PAD
    0x080004d4   0x000000a8   Code   RO          140    i.ADC_Enable        stm32g0xx_hal_adc.o
    0x0800057c   0x0000002c   Code   RO           64    i.EXTI4_15_IRQHandler  stm32g0xx_it.o
    0x080005a8   0x00000004   Code   RO            3    i.Error_Handler     main.o
    0x080005ac   0x00000224   Code   RO          142    i.HAL_ADC_ConfigChannel  stm32g0xx_hal_adc.o
    0x080007d0   0x00000006   Code   RO          149    i.HAL_ADC_GetValue  stm32g0xx_hal_adc.o
    0x080007d6   0x00000002   PAD
    0x080007d8   0x0000024c   Code   RO          151    i.HAL_ADC_Init      stm32g0xx_hal_adc.o
    0x08000a24   0x00000080   Code   RO           33    i.HAL_ADC_MspInit   adc.o
    0x08000aa4   0x000000be   Code   RO          155    i.HAL_ADC_PollForConversion  stm32g0xx_hal_adc.o
    0x08000b62   0x00000002   PAD
    0x08000b64   0x00000068   Code   RO          157    i.HAL_ADC_Start     stm32g0xx_hal_adc.o
    0x08000bcc   0x00000074   Code   RO          250    i.HAL_DMA_Abort     stm32g0xx_hal_dma.o
    0x08000c40   0x0000007c   Code   RO          251    i.HAL_DMA_Abort_IT  stm32g0xx_hal_dma.o
    0x08000cbc   0x00000002   Code   RO          237    i.HAL_GPIO_EXTI_Falling_Callback  stm32g0xx_hal_gpio.o
    0x08000cbe   0x00000002   PAD
    0x08000cc0   0x00000028   Code   RO          238    i.HAL_GPIO_EXTI_IRQHandler  stm32g0xx_hal_gpio.o
    0x08000ce8   0x00000002   Code   RO          239    i.HAL_GPIO_EXTI_Rising_Callback  stm32g0xx_hal_gpio.o
    0x08000cea   0x00000002   PAD
    0x08000cec   0x0000015c   Code   RO          240    i.HAL_GPIO_Init     stm32g0xx_hal_gpio.o
    0x08000e48   0x0000000a   Code   RO          242    i.HAL_GPIO_ReadPin  stm32g0xx_hal_gpio.o
    0x08000e52   0x0000000c   Code   RO          244    i.HAL_GPIO_WritePin  stm32g0xx_hal_gpio.o
    0x08000e5e   0x00000002   PAD
    0x08000e60   0x0000000c   Code   RO          330    i.HAL_GetTick       stm32g0xx_hal.o
    0x08000e6c   0x00000064   Code   RO          364    i.HAL_IWDG_Init     stm32g0xx_hal_iwdg.o
    0x08000ed0   0x00000010   Code   RO          336    i.HAL_IncTick       stm32g0xx_hal.o
    0x08000ee0   0x00000028   Code   RO          337    i.HAL_Init          stm32g0xx_hal.o
    0x08000f08   0x00000048   Code   RO          338    i.HAL_InitTick      stm32g0xx_hal.o
    0x08000f50   0x0000002c   Code   RO           76    i.HAL_MspInit       stm32g0xx_hal_msp.o
    0x08000f7c   0x00000018   Code   RO          308    i.HAL_NVIC_EnableIRQ  stm32g0xx_hal_cortex.o
    0x08000f94   0x00000008   Code   RO          312    i.HAL_NVIC_SetPriority  stm32g0xx_hal_cortex.o
    0x08000f9c   0x0000001c   Code   RO          313    i.HAL_NVIC_SystemReset  stm32g0xx_hal_cortex.o
    0x08000fb8   0x0000004c   Code   RO          285    i.HAL_PWREx_ControlVoltageScaling  stm32g0xx_hal_pwr_ex.o
    0x08001004   0x0000014c   Code   RO          202    i.HAL_RCCEx_PeriphCLKConfig  stm32g0xx_hal_rcc_ex.o
    0x08001150   0x00000158   Code   RO          182    i.HAL_RCC_ClockConfig  stm32g0xx_hal_rcc.o
    0x080012a8   0x00000028   Code   RO          190    i.HAL_RCC_GetPCLK1Freq  stm32g0xx_hal_rcc.o
    0x080012d0   0x0000008c   Code   RO          191    i.HAL_RCC_GetSysClockFreq  stm32g0xx_hal_rcc.o
    0x0800135c   0x000003e0   Code   RO          195    i.HAL_RCC_OscConfig  stm32g0xx_hal_rcc.o
    0x0800173c   0x00000030   Code   RO          316    i.HAL_SYSTICK_Config  stm32g0xx_hal_cortex.o
    0x0800176c   0x00000002   Code   RO          489    i.HAL_TIMEx_Break2Callback  stm32g0xx_hal_tim_ex.o
    0x0800176e   0x00000002   Code   RO          490    i.HAL_TIMEx_BreakCallback  stm32g0xx_hal_tim_ex.o
    0x08001770   0x00000002   Code   RO          491    i.HAL_TIMEx_CommutCallback  stm32g0xx_hal_tim_ex.o
    0x08001772   0x00000002   PAD
    0x08001774   0x00000064   Code   RO          512    i.HAL_TIMEx_MasterConfigSynchronization  stm32g0xx_hal_tim_ex.o
    0x080017d8   0x0000004c   Code   RO          370    i.HAL_TIM_Base_Init  stm32g0xx_hal_tim.o
    0x08001824   0x000000a4   Code   RO           49    i.HAL_TIM_Base_MspInit  tim.o
    0x080018c8   0x000000d8   Code   RO          379    i.HAL_TIM_ConfigClockSource  stm32g0xx_hal_tim.o
    0x080019a0   0x00000002   Code   RO          404    i.HAL_TIM_IC_CaptureCallback  stm32g0xx_hal_tim.o
    0x080019a2   0x00000002   PAD
    0x080019a4   0x00000184   Code   RO          418    i.HAL_TIM_IRQHandler  stm32g0xx_hal_tim.o
    0x08001b28   0x0000009c   Code   RO           50    i.HAL_TIM_MspPostInit  tim.o
    0x08001bc4   0x00000002   Code   RO          421    i.HAL_TIM_OC_DelayElapsedCallback  stm32g0xx_hal_tim.o
    0x08001bc6   0x0000011e   Code   RO          442    i.HAL_TIM_PWM_ConfigChannel  stm32g0xx_hal_tim.o
    0x08001ce4   0x0000004c   Code   RO          445    i.HAL_TIM_PWM_Init  stm32g0xx_hal_tim.o
    0x08001d30   0x00000002   Code   RO          447    i.HAL_TIM_PWM_MspInit  stm32g0xx_hal_tim.o
    0x08001d32   0x00000002   Code   RO          448    i.HAL_TIM_PWM_PulseFinishedCallback  stm32g0xx_hal_tim.o
    0x08001d34   0x000000c0   Code   RO          450    i.HAL_TIM_PWM_Start  stm32g0xx_hal_tim.o
    0x08001df4   0x00000098   Code   RO          453    i.HAL_TIM_PWM_Stop  stm32g0xx_hal_tim.o
    0x08001e8c   0x00000002   Code   RO          456    i.HAL_TIM_PeriodElapsedCallback  stm32g0xx_hal_tim.o
    0x08001e8e   0x00000002   Code   RO          461    i.HAL_TIM_TriggerCallback  stm32g0xx_hal_tim.o
    0x08001e90   0x0000003c   Code   RO          613    i.HAL_UARTEx_DisableFifoMode  stm32g0xx_hal_uart_ex.o
    0x08001ecc   0x00000002   Code   RO          548    i.HAL_UARTEx_RxEventCallback  stm32g0xx_hal_uart.o
    0x08001ece   0x00000002   Code   RO          620    i.HAL_UARTEx_RxFifoFullCallback  stm32g0xx_hal_uart_ex.o
    0x08001ed0   0x00000048   Code   RO          621    i.HAL_UARTEx_SetRxFifoThreshold  stm32g0xx_hal_uart_ex.o
    0x08001f18   0x00000046   Code   RO          622    i.HAL_UARTEx_SetTxFifoThreshold  stm32g0xx_hal_uart_ex.o
    0x08001f5e   0x00000002   Code   RO          624    i.HAL_UARTEx_TxFifoEmptyCallback  stm32g0xx_hal_uart_ex.o
    0x08001f60   0x00000002   Code   RO          625    i.HAL_UARTEx_WakeupCallback  stm32g0xx_hal_uart_ex.o
    0x08001f62   0x00000002   Code   RO          564    i.HAL_UART_ErrorCallback  stm32g0xx_hal_uart.o
    0x08001f64   0x00000264   Code   RO          567    i.HAL_UART_IRQHandler  stm32g0xx_hal_uart.o
    0x080021c8   0x0000006c   Code   RO          568    i.HAL_UART_Init     stm32g0xx_hal_uart.o
    0x08002234   0x00000060   Code   RO           59    i.HAL_UART_MspInit  usart.o
    0x08002294   0x00000044   Code   RO          573    i.HAL_UART_Receive_IT  stm32g0xx_hal_uart.o
    0x080022d8   0x00000030   Code   RO          123    i.HAL_UART_RxCpltCallback  serial.o
    0x08002308   0x00000002   Code   RO          580    i.HAL_UART_TxCpltCallback  stm32g0xx_hal_uart.o
    0x0800230a   0x00000002   Code   RO           65    i.HardFault_Handler  stm32g0xx_it.o
    0x0800230c   0x00000008   Code   RO          163    i.LL_ADC_IsEnabled  stm32g0xx_hal_adc.o
    0x08002314   0x00000008   Code   RO          164    i.LL_ADC_REG_IsConversionOngoing  stm32g0xx_hal_adc.o
    0x0800231c   0x00000010   Code   RO          165    i.LL_ADC_REG_IsTriggerSourceSWStart  stm32g0xx_hal_adc.o
    0x0800232c   0x0000000e   Code   RO          167    i.LL_ADC_SetCommonPathInternalCh  stm32g0xx_hal_adc.o
    0x0800233a   0x00000016   Code   RO          168    i.LL_ADC_SetSamplingTimeCommonChannels  stm32g0xx_hal_adc.o
    0x08002350   0x00000140   Code   RO           34    i.MX_ADC1_Init      adc.o
    0x08002490   0x0000012c   Code   RO           21    i.MX_GPIO_Init      gpio.o
    0x080025bc   0x0000002c   Code   RO           44    i.MX_IWDG_Init      iwdg.o
    0x080025e8   0x0000006c   Code   RO           51    i.MX_TIM14_Init     tim.o
    0x08002654   0x00000034   Code   RO           52    i.MX_TIM16_Init     tim.o
    0x08002688   0x00000030   Code   RO           53    i.MX_TIM17_Init     tim.o
    0x080026b8   0x000000e4   Code   RO           54    i.MX_TIM3_Init      tim.o
    0x0800279c   0x00000088   Code   RO           60    i.MX_USART1_UART_Init  usart.o
    0x08002824   0x00000002   Code   RO           66    i.NMI_Handler       stm32g0xx_it.o
    0x08002826   0x00000002   Code   RO           67    i.PendSV_Handler    stm32g0xx_it.o
    0x08002828   0x00000048   Code   RO          118    i.RINGBUF_Get       ringbuf.o
    0x08002870   0x0000000e   Code   RO          119    i.RINGBUF_Init      ringbuf.o
    0x0800287e   0x00000002   PAD
    0x08002880   0x00000040   Code   RO          120    i.RINGBUF_Put       ringbuf.o
    0x080028c0   0x00000002   Code   RO           68    i.SVC_Handler       stm32g0xx_it.o
    0x080028c2   0x00000002   PAD
    0x080028c4   0x00000050   Code   RO          124    i.Serial_PollingData  serial.o
    0x08002914   0x00000008   Code   RO           69    i.SysTick_Handler   stm32g0xx_it.o
    0x0800291c   0x00000094   Code   RO            4    i.SystemClock_Config  main.o
    0x080029b0   0x00000010   Code   RO          630    i.SystemInit        system_stm32g0xx.o
    0x080029c0   0x00000010   Code   RO           70    i.TIM14_IRQHandler  stm32g0xx_it.o
    0x080029d0   0x0000001c   Code   RO           71    i.TIM16_IRQHandler  stm32g0xx_it.o
    0x080029ec   0x00000024   Code   RO           72    i.TIM17_IRQHandler  stm32g0xx_it.o
    0x08002a10   0x00000078   Code   RO          463    i.TIM_Base_SetConfig  stm32g0xx_hal_tim.o
    0x08002a88   0x0000001a   Code   RO          464    i.TIM_CCxChannelCmd  stm32g0xx_hal_tim.o
    0x08002aa2   0x00000016   Code   RO          474    i.TIM_ETR_SetConfig  stm32g0xx_hal_tim.o
    0x08002ab8   0x00000014   Code   RO          475    i.TIM_ITRx_SetConfig  stm32g0xx_hal_tim.o
    0x08002acc   0x0000007c   Code   RO          476    i.TIM_OC1_SetConfig  stm32g0xx_hal_tim.o
    0x08002b48   0x0000007c   Code   RO          477    i.TIM_OC2_SetConfig  stm32g0xx_hal_tim.o
    0x08002bc4   0x0000007c   Code   RO          478    i.TIM_OC3_SetConfig  stm32g0xx_hal_tim.o
    0x08002c40   0x0000006c   Code   RO          479    i.TIM_OC4_SetConfig  stm32g0xx_hal_tim.o
    0x08002cac   0x0000005c   Code   RO          480    i.TIM_OC5_SetConfig  stm32g0xx_hal_tim.o
    0x08002d08   0x00000064   Code   RO          481    i.TIM_OC6_SetConfig  stm32g0xx_hal_tim.o
    0x08002d6c   0x00000022   Code   RO          483    i.TIM_TI1_ConfigInputStage  stm32g0xx_hal_tim.o
    0x08002d8e   0x00000026   Code   RO          485    i.TIM_TI2_ConfigInputStage  stm32g0xx_hal_tim.o
    0x08002db4   0x00000060   Code   RO          626    i.UARTEx_SetNbDataToProcess  stm32g0xx_hal_uart_ex.o
    0x08002e14   0x000000ca   Code   RO          582    i.UART_AdvFeatureConfig  stm32g0xx_hal_uart.o
    0x08002ede   0x00000002   PAD
    0x08002ee0   0x00000064   Code   RO          583    i.UART_CheckIdleState  stm32g0xx_hal_uart.o
    0x08002f44   0x00000014   Code   RO          584    i.UART_DMAAbortOnError  stm32g0xx_hal_uart.o
    0x08002f58   0x00000038   Code   RO          594    i.UART_EndRxTransfer  stm32g0xx_hal_uart.o
    0x08002f90   0x0000007a   Code   RO          596    i.UART_RxISR_16BIT  stm32g0xx_hal_uart.o
    0x0800300a   0x00000002   PAD
    0x0800300c   0x0000013c   Code   RO          597    i.UART_RxISR_16BIT_FIFOEN  stm32g0xx_hal_uart.o
    0x08003148   0x0000007a   Code   RO          598    i.UART_RxISR_8BIT   stm32g0xx_hal_uart.o
    0x080031c2   0x00000002   PAD
    0x080031c4   0x0000013c   Code   RO          599    i.UART_RxISR_8BIT_FIFOEN  stm32g0xx_hal_uart.o
    0x08003300   0x0000016c   Code   RO          600    i.UART_SetConfig    stm32g0xx_hal_uart.o
    0x0800346c   0x000000e0   Code   RO          602    i.UART_Start_Receive_IT  stm32g0xx_hal_uart.o
    0x0800354c   0x0000009c   Code   RO          607    i.UART_WaitOnFlagUntilTimeout  stm32g0xx_hal_uart.o
    0x080035e8   0x00000010   Code   RO           73    i.USART1_IRQHandler  stm32g0xx_it.o
    0x080035f8   0x0000001a   Code   RO           89    i.__ARM_common_switch8  control_motor.o
    0x08003612   0x00000002   PAD
    0x08003614   0x00000044   Code   RO          318    i.__NVIC_SetPriority  stm32g0xx_hal_cortex.o
    0x08003658   0x00000100   Code   RO          106    i.cal_duty_cycle_pwm_in  read_input_signal.o
    0x08003758   0x00000028   Code   RO           92    i.control_all_led   led_status.o
    0x08003780   0x000000e8   Code   RO           93    i.control_led_error  led_status.o
    0x08003868   0x00000078   Code   RO           94    i.control_led_motor_status  led_status.o
    0x080038e0   0x000000f8   Code   RO           95    i.control_led_over_current  led_status.o
    0x080039d8   0x000000d4   Code   RO           96    i.control_led_run   led_status.o
    0x08003aac   0x00000060   Code   RO           97    i.control_led_status  led_status.o
    0x08003b0c   0x00000010   Code   RO           84    i.control_run_all_motor  control_motor.o
    0x08003b1c   0x00000164   Code   RO           85    i.control_run_motor  control_motor.o
    0x08003c80   0x00000058   Code   RO          100    i.convert_adc_value_1KHz  read_adc.o
    0x08003cd8   0x000000dc   Code   RO          101    i.convert_adc_value_20Hz  read_adc.o
    0x08003db4   0x0000000c   Code   RO          102    i.convert_all_adc_value  read_adc.o
    0x08003dc0   0x00000018   Code   RO          126    i.init_buff         serial.o
    0x08003dd8   0x00000048   Code   RO          107    i.init_input_info   read_input_signal.o
    0x08003e20   0x00000070   Code   RO            5    i.main              main.o
    0x08003e90   0x0000000c   Code   RO           22    i.pinHigh           gpio.o
    0x08003e9c   0x0000000c   Code   RO           24    i.pinLow            gpio.o
    0x08003ea8   0x0000000a   Code   RO           28    i.pinRead           gpio.o
    0x08003eb2   0x00000002   PAD
    0x08003eb4   0x000000d0   Code   RO           79    i.process_button    button.o
    0x08003f84   0x0000009c   Code   RO          103    i.process_error     read_adc.o
    0x08004020   0x00000010   Code   RO          108    i.process_input_signal  read_input_signal.o
    0x08004030   0x00000100   Code   RO          109    i.process_input_signal_motor  read_input_signal.o
    0x08004130   0x0000007c   Code   RO           80    i.process_read_button  button.o
    0x080041ac   0x00000050   Code   RO           35    i.read_adc_Vbus_feed  adc.o
    0x080041fc   0x00000098   Code   RO           36    i.read_adc_iAcce    adc.o
    0x08004294   0x00000098   Code   RO           37    i.read_adc_iAnalog_input  adc.o
    0x0800432c   0x00000098   Code   RO           38    i.read_adc_iLimit   adc.o
    0x080043c4   0x00000098   Code   RO           39    i.read_adc_iSen     adc.o
    0x0800445c   0x0000004c   Code   RO           40    i.read_adc_temperature  adc.o
    0x080044a8   0x00000024   Code   RO           81    i.read_button       button.o
    0x080044cc   0x00000068   Code   RO          110    i.read_dir_in       read_input_signal.o
    0x08004534   0x00000044   Code   RO          111    i.read_input_analog_signal  read_input_signal.o
    0x08004578   0x00000180   Code   RO          112    i.read_input_pwm_signal  read_input_signal.o
    0x080046f8   0x00000180   Code   RO          113    i.read_input_rc_signal  read_input_signal.o
    0x08004878   0x0000001c   Code   RO          114    i.reset_motor_info  read_input_signal.o
    0x08004894   0x00000074   Code   RO           86    i.run_motor         control_motor.o
    0x08004908   0x0000002c   Code   RO           87    i.stop_motor        control_motor.o
    0x08004934   0x00000018   Data   RO          608    .constdata          stm32g0xx_hal_uart.o
    0x0800494c   0x00000040   Data   RO          631    .constdata          system_stm32g0xx.o
    0x0800498c   0x00000020   Data   RO          632    .constdata          system_stm32g0xx.o
    0x080049ac   0x00000020   Data   RO          774    Region$$Table       anon$$obj.o


    Execution Region RW_IRAM1 (Base: 0x20000000, Size: 0x00000c28, Max: 0x00002000, ABSOLUTE)

    Base Addr    Size         Type   Attr      Idx    E Section Name        Object

    0x20000000   0x00000001   Data   RW           14    .data               main.o
    0x20000001   0x00000003   PAD
    0x20000004   0x00000008   Data   RW           15    .data               main.o
    0x2000000c   0x00000004   PAD
    0x20000010   0x00000008   Data   RW           16    .data               main.o
    0x20000018   0x00000004   Data   RW           17    .data               main.o
    0x2000001c   0x00000001   Data   RW           18    .data               main.o
    0x2000001d   0x00000006   Data   RW          115    .data               read_input_signal.o
    0x20000023   0x00000001   PAD
    0x20000024   0x00000004   Data   RW          128    .data               serial.o
    0x20000028   0x0000000c   Data   RW          350    .data               stm32g0xx_hal.o
    0x20000034   0x00000004   Data   RW          633    .data               system_stm32g0xx.o
    0x20000038   0x00000038   Zero   RW            6    .bss                main.o
    0x20000070   0x00000060   Zero   RW            7    .bss                main.o
    0x200000d0   0x00000070   Zero   RW            8    .bss                main.o
    0x20000140   0x00000030   Zero   RW            9    .bss                main.o
    0x20000170   0x00000030   Zero   RW           10    .bss                main.o
    0x200001a0   0x0000003c   Zero   RW           11    .bss                main.o
    0x200001dc   0x00000010   Zero   RW           12    .bss                main.o
    0x200001ec   0x000000c8   Zero   RW           13    .bss                main.o
    0x200002b4   0x00000064   Zero   RW           41    .bss                adc.o
    0x20000318   0x00000010   Zero   RW           45    .bss                iwdg.o
    0x20000328   0x00000130   Zero   RW           55    .bss                tim.o
    0x20000458   0x00000090   Zero   RW           61    .bss                usart.o
    0x200004e8   0x000000dc   Zero   RW          127    .bss                serial.o
    0x200005c4   0x00000060   Zero   RW          674    .bss                c_p.l(libspace.o)
    0x20000624   0x00000004   PAD
    0x20000628   0x00000200   Zero   RW          130    HEAP                startup_stm32g030xx.o
    0x20000828   0x00000400   Zero   RW          129    STACK               startup_stm32g030xx.o


==============================================================================

Image component sizes


      Code (inc. data)   RO Data    RW Data    ZI Data      Debug   Object Name

      1212        156          0          0        100          0   adc.o
       368         28          0          0          0          0   button.o
       558         32          0          0          0          0   control_motor.o
       334         26          0          0          0          0   gpio.o
        44         12          0          0         16          0   iwdg.o
       948         80          0          0          0          0   led_status.o
       264         16          0         22        636          0   main.o
       476         40          0          0          0          0   read_adc.o
      1568        104          0          6          0          0   read_input_signal.o
       150          8          0          0          0          0   ringbuf.o
       152         40          0          4        220          0   serial.o
        56         26        192          0       1536          0   startup_stm32g030xx.o
       140         22          0         12          0          0   stm32g0xx_hal.o
      1672         88          0          0          0          0   stm32g0xx_hal_adc.o
       176         34          0          0          0          0   stm32g0xx_hal_cortex.o
       240         10          0          0          0          0   stm32g0xx_hal_dma.o
       414         22          0          0          0          0   stm32g0xx_hal_gpio.o
       100         14          0          0          0          0   stm32g0xx_hal_iwdg.o
        44          6          0          0          0          0   stm32g0xx_hal_msp.o
        76         14          0          0          0          0   stm32g0xx_hal_pwr_ex.o
      1516         88          0          0          0          0   stm32g0xx_hal_rcc.o
       332         12          0          0          0          0   stm32g0xx_hal_rcc_ex.o
      2330        172          0          0          0          0   stm32g0xx_hal_tim.o
       106         10          0          0          0          0   stm32g0xx_hal_tim_ex.o
      2792         96         24          0          0          0   stm32g0xx_hal_uart.o
       304         16          0          0          0          0   stm32g0xx_hal_uart_ex.o
       156         32          0          0          0          0   stm32g0xx_it.o
        16          6         96          4          0          0   system_stm32g0xx.o
       756         96          0          0        304          0   tim.o
       232         26          0          0        144          0   usart.o

    ----------------------------------------------------------------------
     17560       1332        344         56       2956          0   Object Totals
         0          0         32          0          0          0   (incl. Generated)
        28          0          0          8          0          0   (incl. Padding)

    ----------------------------------------------------------------------

      Code (inc. data)   RO Data    RW Data    ZI Data      Debug   Library Member Name

         8          0          0          0          0          0   __main.o
         0          0          0          0          0          0   __rtentry.o
        12          0          0          0          0          0   __rtentry2.o
         6          0          0          0          0          0   __rtentry4.o
        60          8          0          0          0          0   __scatter.o
        26          0          0          0          0          0   __scatter_copy.o
        28          0          0          0          0          0   __scatter_zi.o
       346          0          0          0          0          0   aeabi_sdiv.o
        16          0          0          0          0          0   exit.o
         6          0          0          0          0          0   heapauxi.o
         0          0          0          0          0          0   indicate_semi.o
         2          0          0          0          0          0   libinit.o
         2          0          0          0          0          0   libinit2.o
         2          0          0          0          0          0   libshutdown.o
         2          0          0          0          0          0   libshutdown2.o
         8          4          0          0         96          0   libspace.o
        48          0          0          0          0          0   llmul.o
       258          0          0          0          0          0   lludiv.o
        64          0          0          0          0          0   rt_memclr.o
         2          0          0          0          0          0   rtexit.o
        10          0          0          0          0          0   rtexit2.o
        12          4          0          0          0          0   sys_exit.o
        62          0          0          0          0          0   sys_stackheap_outer.o
         2          0          0          0          0          0   use_no_semi.o

    ----------------------------------------------------------------------
       988         16          0          0        100          0   Library Totals
         6          0          0          0          4          0   (incl. Padding)

    ----------------------------------------------------------------------

      Code (inc. data)   RO Data    RW Data    ZI Data      Debug   Library Name

       982         16          0          0         96          0   c_p.l

    ----------------------------------------------------------------------
       988         16          0          0        100          0   Library Totals

    ----------------------------------------------------------------------

==============================================================================


      Code (inc. data)   RO Data    RW Data    ZI Data      Debug   

     18548       1348        344         56       3056          0   Grand Totals
     18548       1348        344         56       3056          0   ELF Image Totals
     18548       1348        344         56          0          0   ROM Totals

==============================================================================

    Total RO  Size (Code + RO Data)                18892 (  18.45kB)
    Total RW  Size (RW Data + ZI Data)              3112 (   3.04kB)
    Total ROM Size (Code + RO Data + RW Data)      18948 (  18.50kB)

==============================================================================

